2026-06-30 11:58:28.204 | INFO     | app.main:startup:30 - Application Started
2026-06-30 11:58:38.313 | INFO     | app.middleware.logging_middleware:dispatch:8 - GET /simulator/status -> 200
2026-06-30 11:58:40.390 | INFO     | app.middleware.logging_middleware:dispatch:8 - GET /health -> 200
2026-06-30 11:58:42.444 | INFO     | app.middleware.logging_middleware:dispatch:8 - GET /incidents -> 200
2026-06-30 11:58:51.254 | INFO     | app.middleware.logging_middleware:dispatch:8 - GET /simulator/status -> 200
2026-06-30 11:58:55.322 | INFO     | app.middleware.logging_middleware:dispatch:8 - GET /weather -> 200
2026-06-30 11:58:57.380 | INFO     | app.middleware.logging_middleware:dispatch:8 - GET /health -> 200
2026-06-30 11:58:59.452 | INFO     | app.middleware.logging_middleware:dispatch:8 - GET /incidents -> 200
2026-06-30 11:59:04.874 | INFO     | app.middleware.logging_middleware:dispatch:8 - GET /simulator/status -> 200
2026-06-30 11:59:06.937 | INFO     | app.middleware.logging_middleware:dispatch:8 - GET /health -> 200
2026-06-30 11:59:08.985 | INFO     | app.middleware.logging_middleware:dispatch:8 - GET /incidents -> 200
2026-06-30 11:59:10.515 | INFO     | app.middleware.logging_middleware:dispatch:8 - GET /simulator/status -> 200
2026-06-30 11:59:12.595 | INFO     | app.middleware.logging_middleware:dispatch:8 - GET /weather -> 200
2026-06-30 11:59:14.668 | INFO     | app.middleware.logging_middleware:dispatch:8 - GET /health -> 200
2026-06-30 11:59:16.735 | INFO     | app.middleware.logging_middleware:dispatch:8 - GET /incidents -> 200
2026-06-30 11:59:23.613 | INFO     | app.middleware.logging_middleware:dispatch:8 - GET /simulator/status -> 200
2026-06-30 11:59:25.234 | INFO     | app.middleware.logging_middleware:dispatch:8 - GET /simulator/status -> 200
2026-06-30 11:59:27.300 | INFO     | app.middleware.logging_middleware:dispatch:8 - POST /simulator/api-down/true -> 200
2026-06-30 11:59:29.365 | INFO     | app.middleware.logging_middleware:dispatch:8 - GET /weather -> 200
2026-06-30 11:59:31.432 | INFO     | app.middleware.logging_middleware:dispatch:8 - GET /health -> 200
2026-06-30 11:59:33.497 | INFO     | app.middleware.logging_middleware:dispatch:8 - GET /incidents -> 200
2026-06-30 11:59:44.391 | INFO     | app.middleware.logging_middleware:dispatch:8 - GET /simulator/status -> 200
2026-06-30 11:59:46.077 | INFO     | app.middleware.logging_middleware:dispatch:8 - GET /simulator/status -> 200
2026-06-30 11:59:48.142 | INFO     | app.middleware.logging_middleware:dispatch:8 - POST /simulator/bad-payload/true -> 200
2026-06-30 11:59:49.779 | INFO     | app.middleware.logging_middleware:dispatch:8 - GET /simulator/status -> 200
2026-06-30 11:59:51.824 | INFO     | app.middleware.logging_middleware:dispatch:8 - POST /simulator/api-down/false -> 200
2026-06-30 11:59:53.873 | INFO     | app.middleware.logging_middleware:dispatch:8 - GET /health -> 200
2026-06-30 11:59:55.923 | INFO     | app.middleware.logging_middleware:dispatch:8 - GET /incidents -> 200
2026-06-30 12:00:00.327 | INFO     | app.middleware.logging_middleware:dispatch:8 - GET /simulator/status -> 200
2026-06-30 12:00:02.393 | INFO     | app.middleware.logging_middleware:dispatch:8 - GET /weather -> 200
2026-06-30 12:00:04.449 | INFO     | app.middleware.logging_middleware:dispatch:8 - GET /health -> 200
2026-06-30 12:00:06.518 | INFO     | app.middleware.logging_middleware:dispatch:8 - GET /incidents -> 200
2026-06-30 12:00:12.093 | INFO     | app.middleware.logging_middleware:dispatch:8 - GET /simulator/status -> 200
2026-06-30 12:00:13.675 | INFO     | app.middleware.logging_middleware:dispatch:8 - GET /simulator/status -> 200
2026-06-30 12:00:15.733 | INFO     | app.middleware.logging_middleware:dispatch:8 - POST /simulator/bad-payload/false -> 200
2026-06-30 12:00:17.788 | INFO     | app.middleware.logging_middleware:dispatch:8 - POST /simulator/slow-response/true -> 200
2026-06-30 12:00:19.845 | INFO     | app.middleware.logging_middleware:dispatch:8 - GET /health -> 200
2026-06-30 12:00:21.922 | INFO     | app.middleware.logging_middleware:dispatch:8 - GET /incidents -> 200
2026-06-30 12:00:26.062 | INFO     | app.middleware.logging_middleware:dispatch:8 - GET /simulator/status -> 200
2026-06-30 12:00:28.111 | INFO     | app.middleware.logging_middleware:dispatch:8 - GET /weather -> 200
2026-06-30 12:00:30.171 | INFO     | app.middleware.logging_middleware:dispatch:8 - GET /health -> 200
2026-06-30 12:00:32.235 | INFO     | app.middleware.logging_middleware:dispatch:8 - GET /incidents -> 200
2026-06-30 12:32:42.130 | INFO     | app.main:startup:30 - Application Started
2026-06-30 12:32:54.058 | INFO     | app.middleware.logging_middleware:dispatch:8 - GET /simulator/status -> 200
2026-06-30 12:32:56.110 | INFO     | app.middleware.logging_middleware:dispatch:8 - GET /health -> 200
2026-06-30 12:32:58.206 | INFO     | app.middleware.logging_middleware:dispatch:8 - GET /incidents -> 200
2026-06-30 12:33:56.798 | INFO     | app.middleware.logging_middleware:dispatch:8 - GET /simulator/status -> 200
2026-06-30 12:34:00.604 | INFO     | app.middleware.logging_middleware:dispatch:8 - GET /weather -> 200
2026-06-30 12:34:02.703 | INFO     | app.middleware.logging_middleware:dispatch:8 - GET /health -> 200
2026-06-30 12:34:04.768 | INFO     | app.middleware.logging_middleware:dispatch:8 - GET /incidents -> 200
2026-06-30 12:34:21.939 | INFO     | app.middleware.logging_middleware:dispatch:8 - GET /simulator/status -> 200
2026-06-30 12:34:24.006 | INFO     | app.middleware.logging_middleware:dispatch:8 - POST /simulator/api-down/true -> 200
2026-06-30 12:34:26.063 | INFO     | app.middleware.logging_middleware:dispatch:8 - GET /health -> 200
2026-06-30 12:34:28.126 | INFO     | app.middleware.logging_middleware:dispatch:8 - GET /incidents -> 200
2026-06-30 12:40:26.703 | INFO     | app.middleware.logging_middleware:dispatch:8 - GET /simulator/status -> 200
2026-06-30 12:40:28.751 | INFO     | app.middleware.logging_middleware:dispatch:8 - GET /health -> 200
2026-06-30 12:40:30.803 | INFO     | app.middleware.logging_middleware:dispatch:8 - GET /incidents -> 200
2026-06-30 14:23:04.046 | INFO     | app.main:startup:30 - Application Started
2026-06-30 14:23:16.746 | INFO     | app.middleware.logging_middleware:dispatch:8 - GET /simulator/status -> 200
2026-06-30 14:23:18.779 | INFO     | app.middleware.logging_middleware:dispatch:8 - GET /health -> 200
2026-06-30 14:23:20.841 | INFO     | app.middleware.logging_middleware:dispatch:8 - GET /incidents -> 200
2026-06-30 14:23:27.477 | INFO     | app.middleware.logging_middleware:dispatch:8 - GET /simulator/status -> 200
2026-06-30 14:23:31.233 | INFO     | app.middleware.logging_middleware:dispatch:8 - GET /weather -> 200
2026-06-30 14:23:33.305 | INFO     | app.middleware.logging_middleware:dispatch:8 - GET /health -> 200
2026-06-30 14:23:35.354 | INFO     | app.middleware.logging_middleware:dispatch:8 - GET /incidents -> 200
2026-06-30 14:23:41.289 | INFO     | app.middleware.logging_middleware:dispatch:8 - GET /simulator/status -> 200
2026-06-30 14:23:42.901 | INFO     | app.middleware.logging_middleware:dispatch:8 - GET /simulator/status -> 200
2026-06-30 14:23:44.981 | INFO     | app.middleware.logging_middleware:dispatch:8 - POST /simulator/api-down/true -> 200
2026-06-30 14:23:47.037 | INFO     | app.middleware.logging_middleware:dispatch:8 - GET /health -> 200
2026-06-30 14:23:49.088 | INFO     | app.middleware.logging_middleware:dispatch:8 - GET /incidents -> 200
2026-06-30 14:23:50.539 | INFO     | app.middleware.logging_middleware:dispatch:8 - GET /simulator/status -> 200
2026-06-30 14:23:52.605 | INFO     | app.middleware.logging_middleware:dispatch:8 - GET /weather -> 200
2026-06-30 14:23:54.677 | INFO     | app.middleware.logging_middleware:dispatch:8 - GET /health -> 200
2026-06-30 14:23:56.778 | INFO     | app.middleware.logging_middleware:dispatch:8 - GET /incidents -> 200
2026-06-30 14:24:02.044 | INFO     | app.middleware.logging_middleware:dispatch:8 - GET /simulator/status -> 200
2026-06-30 14:24:03.007 | INFO     | app.middleware.logging_middleware:dispatch:8 - GET /simulator/status -> 200
2026-06-30 14:24:05.071 | INFO     | app.middleware.logging_middleware:dispatch:8 - POST /simulator/api-down/false -> 200
2026-06-30 14:24:07.149 | INFO     | app.middleware.logging_middleware:dispatch:8 - POST /simulator/bad-payload/true -> 200
2026-06-30 14:24:09.198 | INFO     | app.middleware.logging_middleware:dispatch:8 - GET /health -> 200
2026-06-30 14:24:11.244 | INFO     | app.middleware.logging_middleware:dispatch:8 - GET /incidents -> 200
2026-06-30 14:24:14.821 | INFO     | app.middleware.logging_middleware:dispatch:8 - GET /simulator/status -> 200
2026-06-30 14:24:16.887 | INFO     | app.middleware.logging_middleware:dispatch:8 - GET /weather -> 200
2026-06-30 14:24:18.962 | INFO     | app.middleware.logging_middleware:dispatch:8 - GET /health -> 200
2026-06-30 14:24:21.031 | INFO     | app.middleware.logging_middleware:dispatch:8 - GET /incidents -> 200
2026-06-30 14:27:38.868 | INFO     | app.middleware.logging_middleware:dispatch:8 - GET /simulator/status -> 200
2026-06-30 14:27:40.901 | INFO     | app.middleware.logging_middleware:dispatch:8 - GET /health -> 200
2026-06-30 14:27:42.948 | INFO     | app.middleware.logging_middleware:dispatch:8 - GET /incidents -> 200
2026-06-30 14:27:55.809 | INFO     | app.middleware.logging_middleware:dispatch:8 - GET /simulator/status -> 200
2026-06-30 14:27:57.853 | INFO     | app.middleware.logging_middleware:dispatch:8 - GET /health -> 200
2026-06-30 14:27:59.920 | INFO     | app.middleware.logging_middleware:dispatch:8 - GET /incidents -> 200
2026-06-30 14:28:02.204 | INFO     | app.middleware.logging_middleware:dispatch:8 - GET /simulator/status -> 200
2026-06-30 14:28:04.260 | INFO     | app.middleware.logging_middleware:dispatch:8 - GET /health -> 200
2026-06-30 14:28:05.166 | INFO     | app.middleware.logging_middleware:dispatch:8 - GET /simulator/status -> 200
2026-06-30 14:28:06.999 | INFO     | app.middleware.logging_middleware:dispatch:8 - GET /simulator/status -> 200
2026-06-30 14:28:09.055 | INFO     | app.middleware.logging_middleware:dispatch:8 - POST /simulator/bad-payload/false -> 200
2026-06-30 14:28:12.126 | INFO     | app.middleware.logging_middleware:dispatch:8 - GET /weather -> 200
2026-06-30 14:28:14.200 | INFO     | app.middleware.logging_middleware:dispatch:8 - GET /health -> 200
2026-06-30 14:28:16.292 | INFO     | app.middleware.logging_middleware:dispatch:8 - GET /incidents -> 200
2026-06-30 14:49:09.274 | INFO     | app.middleware.logging_middleware:dispatch:8 - GET /simulator/status -> 200
2026-06-30 14:49:11.336 | INFO     | app.middleware.logging_middleware:dispatch:8 - GET /health -> 200
2026-06-30 14:49:13.405 | INFO     | app.middleware.logging_middleware:dispatch:8 - GET /incidents -> 200
2026-06-30 14:49:43.354 | INFO     | app.middleware.logging_middleware:dispatch:8 - GET /simulator/status -> 200
2026-06-30 14:49:46.461 | INFO     | app.middleware.logging_middleware:dispatch:8 - GET /weather -> 200
2026-06-30 14:49:48.618 | INFO     | app.middleware.logging_middleware:dispatch:8 - GET /health -> 200
2026-06-30 14:49:50.683 | INFO     | app.middleware.logging_middleware:dispatch:8 - GET /incidents -> 200
2026-06-30 14:55:35.611 | INFO     | app.main:startup:30 - Application Started
2026-06-30 14:55:45.100 | INFO     | app.middleware.logging_middleware:dispatch:8 - GET /simulator/status -> 200
2026-06-30 14:55:47.139 | INFO     | app.middleware.logging_middleware:dispatch:8 - GET /health -> 200
2026-06-30 14:55:48.148 | INFO     | app.middleware.logging_middleware:dispatch:8 - GET /simulator/status -> 200
2026-06-30 14:55:50.184 | INFO     | app.middleware.logging_middleware:dispatch:8 - GET /health -> 200
2026-06-30 14:55:52.248 | INFO     | app.middleware.logging_middleware:dispatch:8 - GET /incidents -> 200
2026-06-30 14:55:53.244 | INFO     | app.middleware.logging_middleware:dispatch:8 - GET /simulator/status -> 200
2026-06-30 14:55:55.296 | INFO     | app.middleware.logging_middleware:dispatch:8 - GET /health -> 200
2026-06-30 14:55:57.241 | INFO     | app.middleware.logging_middleware:dispatch:8 - GET /simulator/status -> 200
2026-06-30 14:56:02.030 | INFO     | app.middleware.logging_middleware:dispatch:8 - GET /weather -> 200
2026-06-30 14:56:04.136 | INFO     | app.middleware.logging_middleware:dispatch:8 - GET /health -> 200
2026-06-30 14:56:06.199 | INFO     | app.middleware.logging_middleware:dispatch:8 - GET /incidents -> 200
2026-06-30 14:58:54.630 | INFO     | app.main:startup:30 - Application Started
2026-06-30 18:30:24.613 | INFO     | app.main:startup:30 - Application Started
2026-06-30 18:30:32.135 | INFO     | app.middleware.logging_middleware:dispatch:8 - GET /simulator/status -> 200
2026-06-30 18:30:34.187 | INFO     | app.middleware.logging_middleware:dispatch:8 - GET /health -> 200
2026-06-30 18:30:36.212 | INFO     | app.middleware.logging_middleware:dispatch:8 - GET /simulator/status -> 200
2026-06-30 18:30:39.554 | INFO     | app.middleware.logging_middleware:dispatch:8 - GET /weather -> 200
2026-06-30 18:30:41.635 | INFO     | app.middleware.logging_middleware:dispatch:8 - GET /health -> 200
2026-06-30 18:30:43.693 | INFO     | app.middleware.logging_middleware:dispatch:8 - GET /incidents -> 200
2026-06-30 18:30:58.289 | INFO     | app.middleware.logging_middleware:dispatch:8 - GET /simulator/status -> 200
2026-06-30 18:31:00.356 | INFO     | app.middleware.logging_middleware:dispatch:8 - GET /health -> 200
2026-06-30 18:31:02.407 | INFO     | app.middleware.logging_middleware:dispatch:8 - GET /incidents -> 200
2026-06-30 18:31:11.887 | INFO     | app.middleware.logging_middleware:dispatch:8 - GET /simulator/status -> 200
2026-06-30 18:31:13.930 | INFO     | app.middleware.logging_middleware:dispatch:8 - GET /health -> 200
2026-06-30 18:31:16.000 | INFO     | app.middleware.logging_middleware:dispatch:8 - GET /incidents -> 200
2026-06-30 18:37:46.059 | INFO     | app.main:startup:30 - Application Started
2026-06-30 18:37:49.582 | INFO     | app.middleware.logging_middleware:dispatch:8 - GET /simulator/status -> 200
2026-06-30 18:37:51.386 | INFO     | app.middleware.logging_middleware:dispatch:8 - GET /simulator/status -> 200
2026-06-30 18:37:53.464 | INFO     | app.middleware.logging_middleware:dispatch:8 - GET /health -> 200
2026-06-30 18:37:55.542 | INFO     | app.middleware.logging_middleware:dispatch:8 - GET /incidents -> 200
2026-06-30 18:38:00.422 | INFO     | app.middleware.logging_middleware:dispatch:8 - GET /simulator/status -> 200
2026-06-30 18:38:02.479 | INFO     | app.middleware.logging_middleware:dispatch:8 - GET /health -> 200
2026-06-30 18:38:04.418 | INFO     | app.middleware.logging_middleware:dispatch:8 - GET /simulator/status -> 200
2026-06-30 18:38:16.733 | INFO     | app.middleware.logging_middleware:dispatch:8 - GET /weather -> 200
2026-06-30 18:38:18.811 | INFO     | app.middleware.logging_middleware:dispatch:8 - GET /health -> 200
2026-06-30 18:38:20.901 | INFO     | app.middleware.logging_middleware:dispatch:8 - GET /incidents -> 200
2026-06-30 18:40:56.491 | INFO     | app.main:startup:30 - Application Started
2026-06-30 18:41:02.114 | INFO     | app.middleware.logging_middleware:dispatch:8 - GET /simulator/status -> 200
2026-06-30 18:41:04.186 | INFO     | app.middleware.logging_middleware:dispatch:8 - GET /health -> 200
2026-06-30 18:41:06.258 | INFO     | app.middleware.logging_middleware:dispatch:8 - GET /incidents -> 200
2026-06-30 18:41:07.464 | INFO     | app.middleware.logging_middleware:dispatch:8 - GET /simulator/status -> 200
2026-06-30 18:41:09.501 | INFO     | app.middleware.logging_middleware:dispatch:8 - GET /health -> 200
2026-06-30 18:41:11.558 | INFO     | app.middleware.logging_middleware:dispatch:8 - GET /incidents -> 200
2026-06-30 18:41:18.165 | INFO     | app.middleware.logging_middleware:dispatch:8 - GET /simulator/status -> 200
2026-06-30 18:41:20.241 | INFO     | app.middleware.logging_middleware:dispatch:8 - GET /health -> 200
2026-06-30 18:41:22.329 | INFO     | app.middleware.logging_middleware:dispatch:8 - GET /incidents -> 200
2026-06-30 18:41:27.698 | INFO     | app.middleware.logging_middleware:dispatch:8 - GET /simulator/status -> 200
2026-06-30 18:41:37.626 | INFO     | app.middleware.logging_middleware:dispatch:8 - GET /weather -> 200
2026-06-30 18:41:39.700 | INFO     | app.middleware.logging_middleware:dispatch:8 - GET /health -> 200
2026-06-30 18:41:41.791 | INFO     | app.middleware.logging_middleware:dispatch:8 - GET /incidents -> 200
2026-06-30 18:52:15.479 | INFO     | app.main:startup:30 - Application Started
2026-06-30 18:52:20.075 | INFO     | app.middleware.logging_middleware:dispatch:8 - GET /simulator/status -> 200
2026-06-30 18:52:22.168 | INFO     | app.middleware.logging_middleware:dispatch:8 - GET /health -> 200
2026-06-30 18:52:24.275 | INFO     | app.middleware.logging_middleware:dispatch:8 - GET /incidents -> 200
2026-06-30 18:52:28.776 | INFO     | app.middleware.logging_middleware:dispatch:8 - GET /simulator/status -> 200
2026-06-30 18:52:30.844 | INFO     | app.middleware.logging_middleware:dispatch:8 - GET /health -> 200
2026-06-30 18:52:32.923 | INFO     | app.middleware.logging_middleware:dispatch:8 - GET /incidents -> 200
2026-06-30 18:52:37.261 | INFO     | app.middleware.logging_middleware:dispatch:8 - GET /simulator/status -> 200
2026-06-30 18:52:39.322 | INFO     | app.middleware.logging_middleware:dispatch:8 - GET /health -> 200
2026-06-30 18:52:41.442 | INFO     | app.middleware.logging_middleware:dispatch:8 - GET /incidents -> 200
2026-06-30 18:52:44.380 | INFO     | app.middleware.logging_middleware:dispatch:8 - GET /simulator/status -> 200
2026-06-30 18:52:54.992 | INFO     | app.middleware.logging_middleware:dispatch:8 - GET /weather -> 200
2026-06-30 18:52:57.104 | INFO     | app.middleware.logging_middleware:dispatch:8 - GET /health -> 200
2026-06-30 18:52:59.191 | INFO     | app.middleware.logging_middleware:dispatch:8 - GET /incidents -> 200
2026-06-30 18:53:02.417 | INFO     | app.middleware.logging_middleware:dispatch:8 - GET /simulator/status -> 200
2026-06-30 18:53:04.470 | INFO     | app.middleware.logging_middleware:dispatch:8 - GET /health -> 200
2026-06-30 18:53:06.542 | INFO     | app.middleware.logging_middleware:dispatch:8 - GET /simulator/status -> 200
2026-06-30 18:53:06.565 | INFO     | app.middleware.logging_middleware:dispatch:8 - GET /incidents -> 200
2026-06-30 18:53:08.596 | INFO     | app.middleware.logging_middleware:dispatch:8 - GET /weather -> 200
2026-06-30 18:53:10.641 | INFO     | app.middleware.logging_middleware:dispatch:8 - GET /health -> 200
2026-06-30 18:53:12.754 | INFO     | app.middleware.logging_middleware:dispatch:8 - GET /incidents -> 200
2026-06-30 19:03:09.305 | INFO     | app.middleware.logging_middleware:dispatch:8 - GET /simulator/status -> 200
2026-06-30 19:03:11.369 | INFO     | app.middleware.logging_middleware:dispatch:8 - GET /health -> 200
2026-06-30 19:03:13.443 | INFO     | app.middleware.logging_middleware:dispatch:8 - GET /incidents -> 200
2026-06-30 19:03:14.571 | INFO     | app.middleware.logging_middleware:dispatch:8 - GET /simulator/status -> 200
2026-06-30 19:03:25.676 | INFO     | app.middleware.logging_middleware:dispatch:8 - GET /weather -> 200
2026-06-30 19:03:27.745 | INFO     | app.middleware.logging_middleware:dispatch:8 - GET /health -> 200
2026-06-30 19:03:29.807 | INFO     | app.middleware.logging_middleware:dispatch:8 - GET /incidents -> 200
2026-06-30 19:06:31.408 | INFO     | app.main:startup:30 - Application Started
2026-06-30 19:06:36.039 | INFO     | app.middleware.logging_middleware:dispatch:8 - GET /simulator/status -> 200
2026-06-30 19:06:38.127 | INFO     | app.middleware.logging_middleware:dispatch:8 - GET /health -> 200
2026-06-30 19:06:39.077 | INFO     | app.middleware.logging_middleware:dispatch:8 - GET /simulator/status -> 200
2026-06-30 19:06:41.150 | INFO     | app.middleware.logging_middleware:dispatch:8 - GET /health -> 200
2026-06-30 19:06:41.431 | INFO     | app.middleware.logging_middleware:dispatch:8 - GET /simulator/status -> 200
2026-06-30 19:06:43.509 | INFO     | app.middleware.logging_middleware:dispatch:8 - GET /health -> 200
2026-06-30 19:06:45.587 | INFO     | app.middleware.logging_middleware:dispatch:8 - GET /incidents -> 200
2026-06-30 19:06:57.780 | INFO     | app.middleware.logging_middleware:dispatch:8 - GET /simulator/status -> 200
2026-06-30 19:07:11.798 | INFO     | app.middleware.logging_middleware:dispatch:8 - GET /weather -> 200
2026-06-30 19:07:13.855 | INFO     | app.middleware.logging_middleware:dispatch:8 - GET /health -> 200
2026-06-30 19:07:15.932 | INFO     | app.middleware.logging_middleware:dispatch:8 - GET /incidents -> 200
2026-06-30 19:22:01.988 | INFO     | app.main:startup:30 - Application Started
2026-06-30 19:22:09.236 | INFO     | app.middleware.logging_middleware:dispatch:8 - GET /simulator/status -> 200
2026-06-30 19:22:11.302 | INFO     | app.middleware.logging_middleware:dispatch:8 - GET /health -> 200
2026-06-30 19:22:13.074 | INFO     | app.middleware.logging_middleware:dispatch:8 - GET /simulator/status -> 200
2026-06-30 19:22:15.124 | INFO     | app.middleware.logging_middleware:dispatch:8 - GET /health -> 200
2026-06-30 19:22:17.212 | INFO     | app.middleware.logging_middleware:dispatch:8 - GET /incidents -> 200
2026-06-30 19:22:20.963 | INFO     | app.middleware.logging_middleware:dispatch:8 - GET /simulator/status -> 200
2026-06-30 19:22:23.025 | INFO     | app.middleware.logging_middleware:dispatch:8 - GET /health -> 200
2026-06-30 19:22:25.075 | INFO     | app.middleware.logging_middleware:dispatch:8 - GET /incidents -> 200
2026-06-30 19:22:26.041 | INFO     | app.middleware.logging_middleware:dispatch:8 - GET /simulator/status -> 200
2026-06-30 19:22:38.581 | INFO     | app.middleware.logging_middleware:dispatch:8 - GET /weather -> 200
2026-06-30 19:22:40.773 | INFO     | app.middleware.logging_middleware:dispatch:8 - GET /health -> 200
2026-06-30 19:22:42.860 | INFO     | app.middleware.logging_middleware:dispatch:8 - GET /incidents -> 200
2026-06-30 19:24:33.598 | INFO     | app.middleware.logging_middleware:dispatch:8 - GET /simulator/status -> 200
2026-06-30 19:24:35.657 | INFO     | app.middleware.logging_middleware:dispatch:8 - GET /health -> 200
2026-06-30 19:24:37.420 | INFO     | app.middleware.logging_middleware:dispatch:8 - GET /simulator/status -> 200
2026-06-30 19:24:39.484 | INFO     | app.middleware.logging_middleware:dispatch:8 - GET /health -> 200
2026-06-30 19:24:41.043 | INFO     | app.middleware.logging_middleware:dispatch:8 - GET /simulator/status -> 200
2026-06-30 19:24:43.107 | INFO     | app.middleware.logging_middleware:dispatch:8 - GET /health -> 200
2026-06-30 19:24:45.190 | INFO     | app.middleware.logging_middleware:dispatch:8 - GET /incidents -> 200
2026-06-30 19:24:48.938 | INFO     | app.middleware.logging_middleware:dispatch:8 - GET /simulator/status -> 200
2026-06-30 19:25:19.591 | INFO     | app.middleware.logging_middleware:dispatch:8 - GET /weather -> 200
2026-06-30 19:25:21.685 | INFO     | app.middleware.logging_middleware:dispatch:8 - GET /health -> 200
2026-06-30 19:25:23.791 | INFO     | app.middleware.logging_middleware:dispatch:8 - GET /incidents -> 200
2026-07-02 19:37:24.211 | INFO     | app.main:startup:34 - Application Started
2026-07-02 19:37:45.544 | INFO     | app.middleware.logging_middleware:dispatch:8 - GET /health -> 200
2026-07-02 19:37:47.607 | INFO     | app.middleware.logging_middleware:dispatch:8 - GET /metrics -> 200
2026-07-02 19:37:49.682 | INFO     | app.middleware.logging_middleware:dispatch:8 - GET /request-logs -> 200
2026-07-02 19:37:51.772 | INFO     | app.middleware.logging_middleware:dispatch:8 - GET /incidents -> 200
2026-07-02 19:38:32.005 | INFO     | app.middleware.logging_middleware:dispatch:8 - GET /weather -> 200
2026-07-02 19:38:34.054 | INFO     | app.middleware.logging_middleware:dispatch:8 - GET /health -> 200
2026-07-02 19:38:36.118 | INFO     | app.middleware.logging_middleware:dispatch:8 - GET /metrics -> 200
2026-07-02 19:38:38.194 | INFO     | app.middleware.logging_middleware:dispatch:8 - GET /request-logs -> 200
2026-07-02 19:38:40.244 | INFO     | app.middleware.logging_middleware:dispatch:8 - GET /incidents -> 200
2026-07-02 19:39:25.734 | INFO     | app.middleware.logging_middleware:dispatch:8 - GET /health -> 200
2026-07-02 19:39:27.802 | INFO     | app.middleware.logging_middleware:dispatch:8 - GET /metrics -> 200
2026-07-02 19:39:29.869 | INFO     | app.middleware.logging_middleware:dispatch:8 - GET /request-logs -> 200
2026-07-02 19:39:31.965 | INFO     | app.middleware.logging_middleware:dispatch:8 - GET /incidents -> 200
2026-07-02 20:52:09.709 | INFO     | app.main:startup:34 - Application Started
2026-07-02 18:26:07.821 | INFO     | app.main:startup:34 - Application Started
2026-07-02 18:42:44.038 | INFO     | app.main:startup:34 - Application Started
2026-07-02 18:44:52.074 | INFO     | app.main:startup:34 - Application Started
2026-07-02 18:46:02.836 | INFO     | app.main:startup:34 - Application Started
2026-07-02 18:55:05.788 | INFO     | app.main:startup:34 - Application Started
2026-07-02 18:55:11.119 | INFO     | app.middleware.logging_middleware:dispatch:8 - GET /weather -> 200
2026-07-02 18:55:55.086 | INFO     | app.middleware.logging_middleware:dispatch:8 - GET /health -> 200
2026-07-02 18:55:57.160 | INFO     | app.middleware.logging_middleware:dispatch:8 - GET /metrics -> 200
2026-07-02 18:55:59.232 | INFO     | app.middleware.logging_middleware:dispatch:8 - GET /request-logs -> 200
2026-07-02 18:56:01.730 | INFO     | app.middleware.logging_middleware:dispatch:8 - GET /incidents -> 200
2026-07-02 18:56:01.977 | INFO     | app.middleware.logging_middleware:dispatch:8 - GET /health -> 200
2026-07-02 18:56:04.081 | INFO     | app.middleware.logging_middleware:dispatch:8 - GET /metrics -> 200
2026-07-02 18:56:06.151 | INFO     | app.middleware.logging_middleware:dispatch:8 - GET /request-logs -> 200
2026-07-02 18:56:06.348 | INFO     | app.middleware.logging_middleware:dispatch:8 - GET /health -> 200
2026-07-02 18:56:08.394 | INFO     | app.middleware.logging_middleware:dispatch:8 - GET /metrics -> 200
2026-07-02 18:56:10.470 | INFO     | app.middleware.logging_middleware:dispatch:8 - GET /request-logs -> 200
2026-07-02 18:56:12.594 | INFO     | app.middleware.logging_middleware:dispatch:8 - GET /incidents -> 200
2026-07-02 18:56:18.872 | INFO     | app.middleware.logging_middleware:dispatch:8 - GET /weather -> 200
2026-07-02 18:56:20.965 | INFO     | app.middleware.logging_middleware:dispatch:8 - GET /health -> 200
2026-07-02 18:56:23.040 | INFO     | app.middleware.logging_middleware:dispatch:8 - GET /metrics -> 200
2026-07-02 18:56:25.137 | INFO     | app.middleware.logging_middleware:dispatch:8 - GET /request-logs -> 200
2026-07-02 18:56:27.222 | INFO     | app.middleware.logging_middleware:dispatch:8 - GET /incidents -> 200
2026-07-02 18:59:25.143 | INFO     | app.middleware.logging_middleware:dispatch:8 - GET /health -> 200
2026-07-02 18:59:27.225 | INFO     | app.middleware.logging_middleware:dispatch:8 - GET /metrics -> 200
2026-07-02 18:59:29.307 | INFO     | app.middleware.logging_middleware:dispatch:8 - GET /request-logs -> 200
2026-07-02 18:59:31.172 | INFO     | app.middleware.logging_middleware:dispatch:8 - GET /health -> 200
2026-07-02 18:59:33.214 | INFO     | app.middleware.logging_middleware:dispatch:8 - GET /metrics -> 200
2026-07-02 18:59:35.303 | INFO     | app.middleware.logging_middleware:dispatch:8 - GET /request-logs -> 200
2026-07-02 18:59:36.896 | INFO     | app.middleware.logging_middleware:dispatch:8 - GET /health -> 200
2026-07-02 18:59:38.661 | INFO     | app.middleware.logging_middleware:dispatch:8 - GET /weather -> 200
2026-07-02 18:59:38.958 | INFO     | app.middleware.logging_middleware:dispatch:8 - GET /metrics -> 200
2026-07-02 18:59:40.738 | INFO     | app.middleware.logging_middleware:dispatch:8 - GET /health -> 200
2026-07-02 18:59:42.818 | INFO     | app.middleware.logging_middleware:dispatch:8 - GET /metrics -> 200
2026-07-02 18:59:44.916 | INFO     | app.middleware.logging_middleware:dispatch:8 - GET /request-logs -> 200
2026-07-02 18:59:47.027 | INFO     | app.middleware.logging_middleware:dispatch:8 - GET /incidents -> 200
2026-07-02 19:13:12.133 | INFO     | app.main:startup:34 - Application Started
2026-07-02 19:13:21.868 | INFO     | app.middleware.logging_middleware:dispatch:8 - GET /health -> 200
2026-07-02 19:13:23.984 | INFO     | app.middleware.logging_middleware:dispatch:8 - GET /metrics -> 200
2026-07-02 19:13:26.075 | INFO     | app.middleware.logging_middleware:dispatch:8 - GET /request-logs -> 200
2026-07-02 19:13:28.249 | INFO     | app.middleware.logging_middleware:dispatch:8 - GET /incidents -> 200
2026-07-02 19:13:47.925 | INFO     | app.middleware.logging_middleware:dispatch:8 - GET /health -> 200
2026-07-02 19:13:49.989 | INFO     | app.middleware.logging_middleware:dispatch:8 - GET /metrics -> 200
2026-07-02 19:13:52.055 | INFO     | app.middleware.logging_middleware:dispatch:8 - GET /request-logs -> 200
2026-07-02 19:13:52.960 | INFO     | app.middleware.logging_middleware:dispatch:8 - GET /health -> 200
2026-07-02 19:13:55.037 | INFO     | app.middleware.logging_middleware:dispatch:8 - GET /metrics -> 200
2026-07-02 19:13:57.165 | INFO     | app.middleware.logging_middleware:dispatch:8 - GET /request-logs -> 200
2026-07-02 19:13:59.240 | INFO     | app.middleware.logging_middleware:dispatch:8 - GET /incidents -> 200
2026-07-02 19:14:02.235 | INFO     | app.middleware.logging_middleware:dispatch:8 - GET /weather -> 200
2026-07-02 19:14:04.274 | INFO     | app.middleware.logging_middleware:dispatch:8 - GET /health -> 200
2026-07-02 19:14:06.350 | INFO     | app.middleware.logging_middleware:dispatch:8 - GET /metrics -> 200
2026-07-02 19:14:08.423 | INFO     | app.middleware.logging_middleware:dispatch:8 - GET /request-logs -> 200
2026-07-02 19:14:10.533 | INFO     | app.middleware.logging_middleware:dispatch:8 - GET /incidents -> 200
2026-07-02 19:14:30.272 | INFO     | app.middleware.logging_middleware:dispatch:8 - GET /health -> 200
2026-07-02 19:14:32.353 | INFO     | app.middleware.logging_middleware:dispatch:8 - GET /metrics -> 200
2026-07-02 19:14:34.408 | INFO     | app.middleware.logging_middleware:dispatch:8 - GET /request-logs -> 200
2026-07-02 19:14:36.532 | INFO     | app.middleware.logging_middleware:dispatch:8 - GET /incidents -> 200
2026-07-02 19:14:40.270 | INFO     | app.middleware.logging_middleware:dispatch:8 - GET /weather -> 200
2026-07-02 19:14:42.370 | INFO     | app.middleware.logging_middleware:dispatch:8 - GET /health -> 200
2026-07-02 19:14:44.415 | INFO     | app.middleware.logging_middleware:dispatch:8 - GET /metrics -> 200
2026-07-02 19:14:46.479 | INFO     | app.middleware.logging_middleware:dispatch:8 - GET /request-logs -> 200
2026-07-02 19:14:48.599 | INFO     | app.middleware.logging_middleware:dispatch:8 - GET /incidents -> 200
2026-07-02 19:32:29.195 | INFO     | app.main:startup:34 - Application Started
2026-07-02 19:32:50.771 | INFO     | app.middleware.logging_middleware:dispatch:8 - GET /health -> 200
2026-07-02 19:32:52.857 | INFO     | app.middleware.logging_middleware:dispatch:8 - GET /metrics -> 200
2026-07-02 19:32:54.985 | INFO     | app.middleware.logging_middleware:dispatch:8 - GET /request-logs -> 200
2026-07-02 19:32:57.251 | INFO     | app.middleware.logging_middleware:dispatch:8 - GET /incidents -> 200
2026-07-02 19:34:26.007 | INFO     | app.middleware.logging_middleware:dispatch:8 - GET /health -> 200
2026-07-02 19:34:28.094 | INFO     | app.middleware.logging_middleware:dispatch:8 - GET /metrics -> 200
2026-07-02 19:34:30.179 | INFO     | app.middleware.logging_middleware:dispatch:8 - GET /request-logs -> 200
2026-07-02 19:34:32.327 | INFO     | app.middleware.logging_middleware:dispatch:8 - GET /incidents -> 200
2026-07-02 19:35:07.027 | INFO     | app.middleware.logging_middleware:dispatch:8 - GET /health -> 200
2026-07-02 19:35:09.114 | INFO     | app.middleware.logging_middleware:dispatch:8 - GET /metrics -> 200
2026-07-02 19:35:11.154 | INFO     | app.middleware.logging_middleware:dispatch:8 - GET /request-logs -> 200
2026-07-02 19:35:13.239 | INFO     | app.middleware.logging_middleware:dispatch:8 - GET /incidents -> 200
2026-07-02 19:35:15.049 | INFO     | app.middleware.logging_middleware:dispatch:8 - GET /health -> 200
2026-07-02 19:35:17.114 | INFO     | app.middleware.logging_middleware:dispatch:8 - GET /metrics -> 200
2026-07-02 19:35:19.194 | INFO     | app.middleware.logging_middleware:dispatch:8 - GET /request-logs -> 200
2026-07-02 19:35:21.346 | INFO     | app.middleware.logging_middleware:dispatch:8 - DELETE /request-logs/044c67d4-7072-45cf-ae8a-d75fbb1314fa -> 200
2026-07-02 19:35:23.511 | INFO     | app.middleware.logging_middleware:dispatch:8 - GET /health -> 200
2026-07-02 19:35:25.559 | INFO     | app.middleware.logging_middleware:dispatch:8 - GET /metrics -> 200
2026-07-02 19:35:27.660 | INFO     | app.middleware.logging_middleware:dispatch:8 - GET /request-logs -> 200
2026-07-02 19:35:29.785 | INFO     | app.middleware.logging_middleware:dispatch:8 - GET /incidents -> 200
2026-07-02 19:43:27.757 | INFO     | app.main:startup:34 - Application Started
2026-07-02 19:43:38.403 | INFO     | app.middleware.logging_middleware:dispatch:8 - GET /health -> 200
2026-07-02 19:43:40.498 | INFO     | app.middleware.logging_middleware:dispatch:8 - GET /metrics -> 200
2026-07-02 19:43:42.636 | INFO     | app.middleware.logging_middleware:dispatch:8 - GET /request-logs -> 200
2026-07-02 19:43:44.835 | INFO     | app.middleware.logging_middleware:dispatch:8 - GET /incidents -> 200
2026-07-02 19:44:16.694 | INFO     | app.middleware.logging_middleware:dispatch:8 - GET /health -> 200
2026-07-02 19:44:18.785 | INFO     | app.middleware.logging_middleware:dispatch:8 - GET /metrics -> 200
2026-07-02 19:44:20.866 | INFO     | app.middleware.logging_middleware:dispatch:8 - GET /request-logs -> 200
2026-07-02 19:44:23.122 | INFO     | app.middleware.logging_middleware:dispatch:8 - GET /incidents -> 200
2026-07-02 19:44:28.332 | INFO     | app.middleware.logging_middleware:dispatch:8 - GET /health -> 200
2026-07-02 19:44:30.381 | INFO     | app.middleware.logging_middleware:dispatch:8 - GET /metrics -> 200
2026-07-02 19:44:32.493 | INFO     | app.middleware.logging_middleware:dispatch:8 - GET /request-logs -> 200
2026-07-02 19:44:34.588 | INFO     | app.middleware.logging_middleware:dispatch:8 - DELETE /request-logs/196e456b-ea48-4694-8003-b1803fade684 -> 200
2026-07-02 19:44:36.737 | INFO     | app.middleware.logging_middleware:dispatch:8 - GET /health -> 200
2026-07-02 19:44:38.804 | INFO     | app.middleware.logging_middleware:dispatch:8 - GET /metrics -> 200
2026-07-02 19:44:40.878 | INFO     | app.middleware.logging_middleware:dispatch:8 - GET /request-logs -> 200
2026-07-02 19:44:43.002 | INFO     | app.middleware.logging_middleware:dispatch:8 - GET /incidents -> 200
2026-07-02 19:45:09.129 | INFO     | app.middleware.logging_middleware:dispatch:8 - GET /health -> 200
2026-07-02 19:45:11.208 | INFO     | app.middleware.logging_middleware:dispatch:8 - GET /metrics -> 200
2026-07-02 19:45:13.297 | INFO     | app.middleware.logging_middleware:dispatch:8 - GET /request-logs -> 200
2026-07-02 19:45:15.408 | INFO     | app.middleware.logging_middleware:dispatch:8 - GET /incidents -> 200
2026-07-02 19:45:21.442 | INFO     | app.middleware.logging_middleware:dispatch:8 - GET /health -> 200
2026-07-02 19:45:23.504 | INFO     | app.middleware.logging_middleware:dispatch:8 - GET /metrics -> 200
2026-07-02 19:45:25.603 | INFO     | app.middleware.logging_middleware:dispatch:8 - GET /request-logs -> 200
2026-07-02 19:45:27.722 | INFO     | app.middleware.logging_middleware:dispatch:8 - GET /incidents -> 200
2026-07-02 19:45:31.836 | INFO     | app.middleware.logging_middleware:dispatch:8 - GET /health -> 200
2026-07-02 19:45:33.926 | INFO     | app.middleware.logging_middleware:dispatch:8 - GET /metrics -> 200
2026-07-02 19:45:36.000 | INFO     | app.middleware.logging_middleware:dispatch:8 - GET /request-logs -> 200
2026-07-02 19:45:38.138 | INFO     | app.middleware.logging_middleware:dispatch:8 - DELETE /request-logs/48a4b74a-e0da-4c77-b811-a1afcfddc813 -> 200
2026-07-02 19:45:40.254 | INFO     | app.middleware.logging_middleware:dispatch:8 - GET /health -> 200
2026-07-02 19:45:42.322 | INFO     | app.middleware.logging_middleware:dispatch:8 - GET /metrics -> 200
2026-07-02 19:45:44.417 | INFO     | app.middleware.logging_middleware:dispatch:8 - GET /request-logs -> 200
2026-07-02 19:45:46.499 | INFO     | app.middleware.logging_middleware:dispatch:8 - GET /incidents -> 200
2026-07-02 19:46:05.709 | INFO     | app.middleware.logging_middleware:dispatch:8 - GET /health -> 200
2026-07-02 19:46:07.767 | INFO     | app.middleware.logging_middleware:dispatch:8 - GET /metrics -> 200
2026-07-02 19:46:09.842 | INFO     | app.middleware.logging_middleware:dispatch:8 - GET /request-logs -> 200
2026-07-02 19:46:11.953 | INFO     | app.middleware.logging_middleware:dispatch:8 - GET /incidents -> 200
2026-07-02 19:46:17.114 | INFO     | app.middleware.logging_middleware:dispatch:8 - GET /health -> 200
2026-07-02 19:46:19.177 | INFO     | app.middleware.logging_middleware:dispatch:8 - GET /metrics -> 200
2026-07-02 19:46:21.271 | INFO     | app.middleware.logging_middleware:dispatch:8 - GET /request-logs -> 200
2026-07-02 19:46:23.399 | INFO     | app.middleware.logging_middleware:dispatch:8 - DELETE /request-logs/c1bfb62c-9b85-4a09-b716-ce2c2ba8df58 -> 200
2026-07-02 19:46:25.519 | INFO     | app.middleware.logging_middleware:dispatch:8 - GET /health -> 200
2026-07-02 19:46:27.617 | INFO     | app.middleware.logging_middleware:dispatch:8 - GET /metrics -> 200
2026-07-02 19:46:29.713 | INFO     | app.middleware.logging_middleware:dispatch:8 - GET /request-logs -> 200
2026-07-02 19:46:31.848 | INFO     | app.middleware.logging_middleware:dispatch:8 - GET /incidents -> 200
2026-07-02 19:50:15.628 | INFO     | app.middleware.logging_middleware:dispatch:8 - GET /health -> 200
2026-07-02 19:50:17.723 | INFO     | app.middleware.logging_middleware:dispatch:8 - GET /metrics -> 200
2026-07-02 19:50:19.834 | INFO     | app.middleware.logging_middleware:dispatch:8 - GET /request-logs -> 200
2026-07-02 19:50:21.934 | INFO     | app.middleware.logging_middleware:dispatch:8 - GET /incidents -> 200
2026-07-02 19:52:20.974 | INFO     | app.middleware.logging_middleware:dispatch:8 - GET /health -> 200
2026-07-02 19:52:23.039 | INFO     | app.middleware.logging_middleware:dispatch:8 - GET /metrics -> 200
2026-07-02 19:52:25.135 | INFO     | app.middleware.logging_middleware:dispatch:8 - GET /request-logs -> 200
2026-07-02 19:52:27.252 | INFO     | app.middleware.logging_middleware:dispatch:8 - GET /incidents -> 200
2026-07-02 19:52:28.900 | INFO     | app.middleware.logging_middleware:dispatch:8 - GET /health -> 200
2026-07-02 19:52:30.975 | INFO     | app.middleware.logging_middleware:dispatch:8 - GET /metrics -> 200
2026-07-02 19:52:33.074 | INFO     | app.middleware.logging_middleware:dispatch:8 - GET /request-logs -> 200
2026-07-02 19:52:35.203 | INFO     | app.middleware.logging_middleware:dispatch:8 - GET /incidents -> 200
2026-07-02 19:52:42.237 | INFO     | app.middleware.logging_middleware:dispatch:8 - GET /health -> 200
2026-07-02 19:52:44.289 | INFO     | app.middleware.logging_middleware:dispatch:8 - GET /metrics -> 200
2026-07-02 19:52:51.891 | INFO     | app.middleware.logging_middleware:dispatch:8 - GET /weather -> 200
2026-07-02 19:52:53.992 | INFO     | app.middleware.logging_middleware:dispatch:8 - GET /health -> 200
2026-07-02 19:52:56.055 | INFO     | app.middleware.logging_middleware:dispatch:8 - GET /metrics -> 200
2026-07-02 19:52:58.149 | INFO     | app.middleware.logging_middleware:dispatch:8 - GET /request-logs -> 200
2026-07-02 19:53:00.243 | INFO     | app.middleware.logging_middleware:dispatch:8 - GET /incidents -> 200
2026-07-02 19:55:56.916 | INFO     | app.middleware.logging_middleware:dispatch:8 - GET /health -> 200
2026-07-02 19:55:58.970 | INFO     | app.middleware.logging_middleware:dispatch:8 - GET /metrics -> 200
2026-07-02 19:56:01.064 | INFO     | app.middleware.logging_middleware:dispatch:8 - GET /request-logs -> 200
2026-07-02 19:56:03.176 | INFO     | app.middleware.logging_middleware:dispatch:8 - GET /incidents -> 200
2026-07-05 20:25:46.864 | INFO     | app.main:startup:34 - Application Started
2026-07-05 20:26:04.945 | INFO     | app.middleware.logging_middleware:dispatch:8 - GET /health -> 200
2026-07-05 20:26:06.985 | INFO     | app.middleware.logging_middleware:dispatch:8 - GET /metrics -> 200
2026-07-05 20:26:09.074 | INFO     | app.middleware.logging_middleware:dispatch:8 - GET /request-logs -> 200
2026-07-05 20:26:11.576 | INFO     | app.middleware.logging_middleware:dispatch:8 - GET /incidents -> 200
2026-07-05 20:26:38.699 | INFO     | app.middleware.logging_middleware:dispatch:8 - GET /health -> 200
2026-07-05 20:26:40.787 | INFO     | app.middleware.logging_middleware:dispatch:8 - GET /metrics -> 200
2026-07-05 20:26:43.172 | INFO     | app.middleware.logging_middleware:dispatch:8 - GET /weather -> 200
2026-07-05 20:26:43.187 | INFO     | app.middleware.logging_middleware:dispatch:8 - GET /weather -> 200
2026-07-05 20:26:43.216 | INFO     | app.middleware.logging_middleware:dispatch:8 - GET /weather -> 200
2026-07-05 20:26:43.243 | INFO     | app.middleware.logging_middleware:dispatch:8 - GET /weather -> 200
2026-07-05 20:26:43.274 | INFO     | app.middleware.logging_middleware:dispatch:8 - GET /weather -> 200
2026-07-05 20:26:43.306 | INFO     | app.middleware.logging_middleware:dispatch:8 - GET /weather -> 200
2026-07-05 20:26:43.337 | INFO     | app.middleware.logging_middleware:dispatch:8 - GET /weather -> 200
2026-07-05 20:26:43.352 | INFO     | app.middleware.logging_middleware:dispatch:8 - GET /weather -> 200
2026-07-05 20:26:43.377 | INFO     | app.middleware.logging_middleware:dispatch:8 - GET /weather -> 200
2026-07-05 20:26:43.394 | INFO     | app.middleware.logging_middleware:dispatch:8 - GET /weather -> 200
2026-07-05 20:26:45.315 | INFO     | app.middleware.logging_middleware:dispatch:8 - GET /weather -> 200
2026-07-05 20:26:45.351 | INFO     | app.middleware.logging_middleware:dispatch:8 - GET /weather -> 200
2026-07-05 20:26:45.406 | INFO     | app.middleware.logging_middleware:dispatch:8 - GET /weather -> 200
2026-07-05 20:26:45.434 | INFO     | app.middleware.logging_middleware:dispatch:8 - GET /weather -> 200
2026-07-05 20:26:45.461 | INFO     | app.middleware.logging_middleware:dispatch:8 - GET /weather -> 200
2026-07-05 20:26:45.476 | INFO     | app.middleware.logging_middleware:dispatch:8 - GET /weather -> 200
2026-07-05 20:26:45.499 | INFO     | app.middleware.logging_middleware:dispatch:8 - GET /weather -> 200
2026-07-05 20:26:45.524 | INFO     | app.middleware.logging_middleware:dispatch:8 - GET /weather -> 200
2026-07-05 20:26:45.538 | INFO     | app.middleware.logging_middleware:dispatch:8 - GET /weather -> 200
2026-07-05 20:26:45.562 | INFO     | app.middleware.logging_middleware:dispatch:8 - GET /weather -> 200
2026-07-05 20:26:47.400 | INFO     | app.middleware.logging_middleware:dispatch:8 - GET /weather -> 200
2026-07-05 20:26:47.436 | INFO     | app.middleware.logging_middleware:dispatch:8 - GET /weather -> 200
2026-07-05 20:26:47.459 | INFO     | app.middleware.logging_middleware:dispatch:8 - GET /weather -> 200
2026-07-05 20:26:47.497 | INFO     | app.middleware.logging_middleware:dispatch:8 - GET /weather -> 200
2026-07-05 20:26:47.559 | INFO     | app.middleware.logging_middleware:dispatch:8 - GET /weather -> 200
2026-07-05 20:26:47.581 | INFO     | app.middleware.logging_middleware:dispatch:8 - GET /weather -> 200
2026-07-05 20:26:47.622 | INFO     | app.middleware.logging_middleware:dispatch:8 - GET /weather -> 200
2026-07-05 20:26:47.639 | INFO     | app.middleware.logging_middleware:dispatch:8 - GET /weather -> 200
2026-07-05 20:26:47.660 | INFO     | app.middleware.logging_middleware:dispatch:8 - GET /weather -> 200
2026-07-05 20:26:47.669 | INFO     | app.middleware.logging_middleware:dispatch:8 - GET /weather -> 200
2026-07-05 20:26:49.498 | INFO     | app.middleware.logging_middleware:dispatch:8 - GET /weather -> 200
2026-07-05 20:26:49.511 | INFO     | app.middleware.logging_middleware:dispatch:8 - GET /weather -> 200
2026-07-05 20:26:49.532 | INFO     | app.middleware.logging_middleware:dispatch:8 - GET /weather -> 200
2026-07-05 20:26:49.605 | INFO     | app.middleware.logging_middleware:dispatch:8 - GET /weather -> 200
2026-07-05 20:26:49.651 | INFO     | app.middleware.logging_middleware:dispatch:8 - GET /weather -> 200
2026-07-05 20:26:49.665 | INFO     | app.middleware.logging_middleware:dispatch:8 - GET /weather -> 200
2026-07-05 20:26:49.700 | INFO     | app.middleware.logging_middleware:dispatch:8 - GET /weather -> 200
2026-07-05 20:26:49.717 | INFO     | app.middleware.logging_middleware:dispatch:8 - GET /weather -> 200
2026-07-05 20:26:49.746 | INFO     | app.middleware.logging_middleware:dispatch:8 - GET /weather -> 200
2026-07-05 20:26:49.760 | INFO     | app.middleware.logging_middleware:dispatch:8 - GET /weather -> 200
2026-07-05 20:26:51.630 | INFO     | app.middleware.logging_middleware:dispatch:8 - GET /weather -> 200
2026-07-05 20:26:51.669 | INFO     | app.middleware.logging_middleware:dispatch:8 - GET /weather -> 200
2026-07-05 20:26:51.690 | INFO     | app.middleware.logging_middleware:dispatch:8 - GET /weather -> 200
2026-07-05 20:26:51.721 | INFO     | app.middleware.logging_middleware:dispatch:8 - GET /weather -> 200
2026-07-05 20:26:51.746 | INFO     | app.middleware.logging_middleware:dispatch:8 - GET /weather -> 200
2026-07-05 20:26:51.766 | INFO     | app.middleware.logging_middleware:dispatch:8 - GET /weather -> 200
2026-07-05 20:26:51.789 | INFO     | app.middleware.logging_middleware:dispatch:8 - GET /weather -> 200
2026-07-05 20:26:51.804 | INFO     | app.middleware.logging_middleware:dispatch:8 - GET /weather -> 200
2026-07-05 20:26:51.836 | INFO     | app.middleware.logging_middleware:dispatch:8 - GET /weather -> 200
2026-07-05 20:26:51.855 | INFO     | app.middleware.logging_middleware:dispatch:8 - GET /weather -> 200
2026-07-05 20:26:53.952 | INFO     | app.middleware.logging_middleware:dispatch:8 - GET /request-logs -> 200
2026-07-05 20:26:56.047 | INFO     | app.middleware.logging_middleware:dispatch:8 - GET /incidents -> 200
2026-07-05 20:44:24.000 | INFO     | app.main:startup:34 - Application Started
2026-07-05 20:44:34.278 | INFO     | app.middleware.logging_middleware:dispatch:8 - GET /health -> 200
2026-07-05 20:44:36.339 | INFO     | app.middleware.logging_middleware:dispatch:8 - GET /metrics -> 200
2026-07-05 20:44:38.450 | INFO     | app.middleware.logging_middleware:dispatch:8 - GET /request-logs -> 200
2026-07-05 20:44:40.749 | INFO     | app.middleware.logging_middleware:dispatch:8 - GET /incidents -> 200
2026-07-05 20:44:48.007 | INFO     | app.middleware.logging_middleware:dispatch:8 - GET /health -> 200
2026-07-05 20:44:48.236 | INFO     | app.middleware.logging_middleware:dispatch:8 - GET /health -> 200
2026-07-05 20:44:48.402 | INFO     | app.middleware.logging_middleware:dispatch:8 - GET /health -> 200
2026-07-05 20:44:48.576 | INFO     | app.middleware.logging_middleware:dispatch:8 - GET /health -> 200
2026-07-05 20:44:48.709 | INFO     | app.middleware.logging_middleware:dispatch:8 - GET /health -> 200
2026-07-05 20:44:48.914 | INFO     | app.middleware.logging_middleware:dispatch:8 - GET /health -> 200
2026-07-05 20:44:49.132 | INFO     | app.middleware.logging_middleware:dispatch:8 - GET /health -> 200
2026-07-05 20:44:49.295 | INFO     | app.middleware.logging_middleware:dispatch:8 - GET /health -> 200
2026-07-05 20:44:49.447 | INFO     | app.middleware.logging_middleware:dispatch:8 - GET /health -> 200
2026-07-05 20:44:49.630 | INFO     | app.middleware.logging_middleware:dispatch:8 - GET /health -> 200
2026-07-05 20:44:49.815 | INFO     | app.middleware.logging_middleware:dispatch:8 - GET /health -> 200
2026-07-05 20:44:50.024 | INFO     | app.middleware.logging_middleware:dispatch:8 - GET /health -> 200
2026-07-05 20:44:50.048 | INFO     | app.middleware.logging_middleware:dispatch:8 - GET /metrics -> 200
2026-07-05 20:44:50.210 | INFO     | app.middleware.logging_middleware:dispatch:8 - GET /health -> 200
2026-07-05 20:44:50.259 | INFO     | app.middleware.logging_middleware:dispatch:8 - GET /metrics -> 200
2026-07-05 20:44:50.435 | INFO     | app.middleware.logging_middleware:dispatch:8 - GET /metrics -> 200
2026-07-05 20:44:50.621 | INFO     | app.middleware.logging_middleware:dispatch:8 - GET /metrics -> 200
2026-07-05 20:44:50.713 | INFO     | app.middleware.logging_middleware:dispatch:8 - GET /health -> 200
2026-07-05 20:44:50.729 | INFO     | app.middleware.logging_middleware:dispatch:8 - GET /metrics -> 200
2026-07-05 20:44:50.914 | INFO     | app.middleware.logging_middleware:dispatch:8 - GET /health -> 200
2026-07-05 20:44:50.962 | INFO     | app.middleware.logging_middleware:dispatch:8 - GET /metrics -> 200
2026-07-05 20:44:51.074 | INFO     | app.middleware.logging_middleware:dispatch:8 - GET /health -> 200
2026-07-05 20:44:51.184 | INFO     | app.middleware.logging_middleware:dispatch:8 - GET /metrics -> 200
2026-07-05 20:44:51.292 | INFO     | app.middleware.logging_middleware:dispatch:8 - GET /health -> 200
2026-07-05 20:44:51.340 | INFO     | app.middleware.logging_middleware:dispatch:8 - GET /metrics -> 200
2026-07-05 20:44:51.456 | INFO     | app.middleware.logging_middleware:dispatch:8 - GET /health -> 200
2026-07-05 20:44:51.486 | INFO     | app.middleware.logging_middleware:dispatch:8 - GET /metrics -> 200
2026-07-05 20:44:51.636 | INFO     | app.middleware.logging_middleware:dispatch:8 - GET /health -> 200
2026-07-05 20:44:51.704 | INFO     | app.middleware.logging_middleware:dispatch:8 - GET /metrics -> 200
2026-07-05 20:44:51.853 | INFO     | app.middleware.logging_middleware:dispatch:8 - GET /health -> 200
2026-07-05 20:44:51.869 | INFO     | app.middleware.logging_middleware:dispatch:8 - GET /metrics -> 200
2026-07-05 20:44:52.090 | INFO     | app.middleware.logging_middleware:dispatch:8 - GET /health -> 200
2026-07-05 20:44:52.097 | INFO     | app.middleware.logging_middleware:dispatch:8 - GET /metrics -> 200
2026-07-05 20:44:52.263 | INFO     | app.middleware.logging_middleware:dispatch:8 - GET /health -> 200
2026-07-05 20:44:52.266 | INFO     | app.middleware.logging_middleware:dispatch:8 - GET /metrics -> 200
2026-07-05 20:44:52.563 | INFO     | app.middleware.logging_middleware:dispatch:8 - GET /health -> 200
2026-07-05 20:44:52.667 | INFO     | app.middleware.logging_middleware:dispatch:8 - GET /health -> 200
2026-07-05 20:44:52.762 | INFO     | app.middleware.logging_middleware:dispatch:8 - GET /metrics -> 200
2026-07-05 20:44:52.854 | INFO     | app.middleware.logging_middleware:dispatch:8 - GET /health -> 200
2026-07-05 20:44:52.967 | INFO     | app.middleware.logging_middleware:dispatch:8 - GET /metrics -> 200
2026-07-05 20:44:53.134 | INFO     | app.middleware.logging_middleware:dispatch:8 - GET /health -> 200
2026-07-05 20:44:53.141 | INFO     | app.middleware.logging_middleware:dispatch:8 - GET /metrics -> 200
2026-07-05 20:44:53.319 | INFO     | app.middleware.logging_middleware:dispatch:8 - GET /health -> 200
2026-07-05 20:44:53.349 | INFO     | app.middleware.logging_middleware:dispatch:8 - GET /metrics -> 200
2026-07-05 20:44:53.493 | INFO     | app.middleware.logging_middleware:dispatch:8 - GET /health -> 200
2026-07-05 20:44:53.509 | INFO     | app.middleware.logging_middleware:dispatch:8 - GET /metrics -> 200
2026-07-05 20:44:53.683 | INFO     | app.middleware.logging_middleware:dispatch:8 - GET /health -> 200
2026-07-05 20:44:53.703 | INFO     | app.middleware.logging_middleware:dispatch:8 - GET /metrics -> 200
2026-07-05 20:44:53.847 | INFO     | app.middleware.logging_middleware:dispatch:8 - GET /health -> 200
2026-07-05 20:44:53.917 | INFO     | app.middleware.logging_middleware:dispatch:8 - GET /metrics -> 200
2026-07-05 20:44:54.077 | INFO     | app.middleware.logging_middleware:dispatch:8 - GET /health -> 200
2026-07-05 20:44:54.168 | INFO     | app.middleware.logging_middleware:dispatch:8 - GET /metrics -> 200
2026-07-05 20:44:54.390 | INFO     | app.middleware.logging_middleware:dispatch:8 - GET /metrics -> 200
2026-07-05 20:44:54.497 | INFO     | app.middleware.logging_middleware:dispatch:8 - GET /health -> 200
2026-07-05 20:44:54.637 | INFO     | app.middleware.logging_middleware:dispatch:8 - GET /metrics -> 200
2026-07-05 20:44:54.727 | INFO     | app.middleware.logging_middleware:dispatch:8 - GET /health -> 200
2026-07-05 20:44:54.732 | INFO     | app.middleware.logging_middleware:dispatch:8 - GET /metrics -> 200
2026-07-05 20:44:54.904 | INFO     | app.middleware.logging_middleware:dispatch:8 - GET /health -> 200
2026-07-05 20:44:54.908 | INFO     | app.middleware.logging_middleware:dispatch:8 - GET /metrics -> 200
2026-07-05 20:44:55.263 | INFO     | app.middleware.logging_middleware:dispatch:8 - GET /metrics -> 200
2026-07-05 20:44:55.356 | INFO     | app.middleware.logging_middleware:dispatch:8 - GET /metrics -> 200
2026-07-05 20:44:55.555 | INFO     | app.middleware.logging_middleware:dispatch:8 - GET /metrics -> 200
2026-07-05 20:44:55.745 | INFO     | app.middleware.logging_middleware:dispatch:8 - GET /metrics -> 200
2026-07-05 20:44:55.843 | INFO     | app.middleware.logging_middleware:dispatch:8 - GET /health -> 200
2026-07-05 20:44:55.907 | INFO     | app.middleware.logging_middleware:dispatch:8 - GET /metrics -> 200
2026-07-05 20:44:56.135 | INFO     | app.middleware.logging_middleware:dispatch:8 - GET /metrics -> 200
2026-07-05 20:44:56.573 | INFO     | app.middleware.logging_middleware:dispatch:8 - GET /metrics -> 200
2026-07-05 20:44:56.671 | INFO     | app.middleware.logging_middleware:dispatch:8 - GET /health -> 200
2026-07-05 20:44:56.794 | INFO     | app.middleware.logging_middleware:dispatch:8 - GET /metrics -> 200
2026-07-05 20:44:57.015 | INFO     | app.middleware.logging_middleware:dispatch:8 - GET /metrics -> 200
2026-07-05 20:44:57.026 | INFO     | app.middleware.logging_middleware:dispatch:8 - GET /health -> 200
2026-07-05 20:44:57.190 | INFO     | app.middleware.logging_middleware:dispatch:8 - GET /health -> 200
2026-07-05 20:44:57.428 | INFO     | app.middleware.logging_middleware:dispatch:8 - GET /health -> 200
2026-07-05 20:44:57.885 | INFO     | app.middleware.logging_middleware:dispatch:8 - GET /metrics -> 200
2026-07-05 20:44:58.738 | INFO     | app.middleware.logging_middleware:dispatch:8 - GET /health -> 200
2026-07-05 20:44:58.745 | INFO     | app.middleware.logging_middleware:dispatch:8 - GET /metrics -> 200
2026-07-05 20:44:59.158 | INFO     | app.middleware.logging_middleware:dispatch:8 - GET /metrics -> 200
2026-07-05 20:44:59.258 | INFO     | app.middleware.logging_middleware:dispatch:8 - GET /metrics -> 200
2026-07-05 20:44:59.510 | INFO     | app.middleware.logging_middleware:dispatch:8 - GET /metrics -> 200
2026-07-05 20:45:00.799 | INFO     | app.middleware.logging_middleware:dispatch:8 - GET /metrics -> 200
2026-07-05 20:45:02.897 | INFO     | app.middleware.logging_middleware:dispatch:8 - GET /request-logs -> 200
2026-07-05 20:45:04.855 | INFO     | app.middleware.logging_middleware:dispatch:8 - GET /health -> 200
2026-07-05 20:45:06.932 | INFO     | app.middleware.logging_middleware:dispatch:8 - GET /metrics -> 200
2026-07-05 20:45:13.548 | INFO     | app.middleware.logging_middleware:dispatch:8 - GET /request-logs -> 200
2026-07-05 20:45:15.638 | INFO     | app.middleware.logging_middleware:dispatch:8 - GET /incidents -> 200
2026-07-05 20:49:17.543 | INFO     | app.middleware.logging_middleware:dispatch:8 - GET /health -> 200
2026-07-05 20:49:19.614 | INFO     | app.middleware.logging_middleware:dispatch:8 - GET /metrics -> 200
2026-07-05 20:49:21.740 | INFO     | app.middleware.logging_middleware:dispatch:8 - GET /request-logs -> 200
2026-07-05 20:49:23.991 | INFO     | app.middleware.logging_middleware:dispatch:8 - GET /incidents -> 200
2026-07-05 20:49:31.511 | INFO     | app.middleware.logging_middleware:dispatch:8 - GET /health -> 200
2026-07-05 20:49:33.574 | INFO     | app.middleware.logging_middleware:dispatch:8 - GET /metrics -> 200
2026-07-05 20:49:37.761 | INFO     | app.middleware.logging_middleware:dispatch:8 - GET /request-logs -> 200
2026-07-05 20:49:39.902 | INFO     | app.middleware.logging_middleware:dispatch:8 - GET /incidents -> 200
2026-07-05 21:51:48.758 | INFO     | app.main:startup:34 - Application Started
2026-07-05 22:09:00.707 | INFO     | app.middleware.logging_middleware:dispatch:8 - GET /request-logs -> 200
2026-07-05 22:09:03.198 | INFO     | app.middleware.logging_middleware:dispatch:8 - GET /incidents -> 200
2026-07-05 22:25:14.773 | INFO     | app.middleware.logging_middleware:dispatch:8 - GET /health -> 200
2026-07-05 22:25:16.834 | INFO     | app.middleware.logging_middleware:dispatch:8 - GET /metrics -> 200
2026-07-05 22:25:18.912 | INFO     | app.middleware.logging_middleware:dispatch:8 - GET /request-logs -> 200
2026-07-05 22:25:21.190 | INFO     | app.middleware.logging_middleware:dispatch:8 - GET /incidents -> 200
2026-07-05 22:25:21.637 | INFO     | app.middleware.logging_middleware:dispatch:8 - GET /health -> 200
2026-07-05 22:25:23.173 | INFO     | app.middleware.logging_middleware:dispatch:8 - GET /weather -> 200
2026-07-05 22:25:23.700 | INFO     | app.middleware.logging_middleware:dispatch:8 - GET /metrics -> 200
2026-07-05 22:25:25.232 | INFO     | app.middleware.logging_middleware:dispatch:8 - GET /health -> 200
2026-07-05 22:25:27.299 | INFO     | app.middleware.logging_middleware:dispatch:8 - GET /metrics -> 200
2026-07-05 22:25:29.390 | INFO     | app.middleware.logging_middleware:dispatch:8 - GET /request-logs -> 200
2026-07-05 22:25:31.520 | INFO     | app.middleware.logging_middleware:dispatch:8 - GET /incidents -> 200
2026-07-05 22:31:51.763 | INFO     | app.middleware.logging_middleware:dispatch:8 - GET /weather -> 200
2026-07-05 22:32:54.077 | INFO     | app.middleware.logging_middleware:dispatch:8 - GET /incidents -> 200
2026-07-05 22:33:27.457 | INFO     | app.middleware.logging_middleware:dispatch:8 - GET /metrics -> 200
2026-07-05 22:33:43.502 | INFO     | app.middleware.logging_middleware:dispatch:8 - GET /request-logs -> 200
2026-07-06 18:02:27.891 | INFO     | app.main:startup:34 - Application Started
2026-07-06 18:04:14.994 | INFO     | app.middleware.logging_middleware:dispatch:8 - GET /weather -> 200
2026-07-06 18:04:44.179 | INFO     | app.middleware.logging_middleware:dispatch:8 - GET /weather -> 200
2026-07-06 18:04:48.865 | INFO     | app.middleware.logging_middleware:dispatch:8 - GET /metrics -> 200
2026-07-06 18:05:03.491 | INFO     | app.middleware.logging_middleware:dispatch:8 - GET /metrics -> 200
2026-07-06 18:05:19.623 | INFO     | app.middleware.logging_middleware:dispatch:8 - GET /weather -> 200
2026-07-06 18:05:21.672 | INFO     | app.middleware.logging_middleware:dispatch:8 - GET /metrics -> 200
2026-07-06 18:23:59.646 | INFO     | app.main:startup:34 - Application Started
2026-07-06 18:28:02.605 | INFO     | app.middleware.logging_middleware:dispatch:8 - GET /health -> 200
2026-07-06 18:28:02.605 | INFO     | app.middleware.logging_middleware:dispatch:8 - GET /health -> 200
2026-07-06 18:28:02.631 | INFO     | app.middleware.logging_middleware:dispatch:8 - GET /request-logs -> 200
2026-07-06 18:28:02.709 | INFO     | app.middleware.logging_middleware:dispatch:8 - GET /weather -> 200
2026-07-06 18:28:03.567 | INFO     | app.middleware.logging_middleware:dispatch:8 - GET /health -> 200
2026-07-06 18:28:03.567 | INFO     | app.middleware.logging_middleware:dispatch:8 - GET /health -> 200
2026-07-06 18:28:03.592 | INFO     | app.middleware.logging_middleware:dispatch:8 - GET /request-logs -> 200
2026-07-06 18:28:03.592 | INFO     | app.middleware.logging_middleware:dispatch:8 - GET /weather -> 200
2026-07-06 18:28:03.865 | INFO     | app.middleware.logging_middleware:dispatch:8 - GET /weather -> 200
2026-07-06 18:28:04.104 | INFO     | app.middleware.logging_middleware:dispatch:8 - GET /weather -> 200
2026-07-06 18:28:04.584 | INFO     | app.middleware.logging_middleware:dispatch:8 - GET /health -> 200
2026-07-06 18:28:04.584 | INFO     | app.middleware.logging_middleware:dispatch:8 - GET /health -> 200
2026-07-06 18:28:04.615 | INFO     | app.middleware.logging_middleware:dispatch:8 - GET /weather -> 200
2026-07-06 18:28:04.631 | INFO     | app.middleware.logging_middleware:dispatch:8 - GET /weather -> 200
2026-07-06 18:28:04.993 | INFO     | app.middleware.logging_middleware:dispatch:8 - GET /weather -> 200
2026-07-06 18:28:05.303 | INFO     | app.middleware.logging_middleware:dispatch:8 - GET /weather -> 200
2026-07-06 18:28:05.527 | INFO     | app.middleware.logging_middleware:dispatch:8 - GET /weather -> 200
2026-07-06 18:28:05.595 | INFO     | app.middleware.logging_middleware:dispatch:8 - GET /health -> 200
2026-07-06 18:28:05.595 | INFO     | app.middleware.logging_middleware:dispatch:8 - GET /health -> 200
2026-07-06 18:28:05.611 | INFO     | app.middleware.logging_middleware:dispatch:8 - GET /weather -> 200
2026-07-06 18:28:06.530 | INFO     | app.middleware.logging_middleware:dispatch:8 - GET /weather -> 200
2026-07-06 18:28:06.545 | INFO     | app.middleware.logging_middleware:dispatch:8 - GET /weather -> 200
2026-07-06 18:28:06.597 | INFO     | app.middleware.logging_middleware:dispatch:8 - GET /health -> 200
2026-07-06 18:28:06.597 | INFO     | app.middleware.logging_middleware:dispatch:8 - GET /health -> 200
2026-07-06 18:28:06.625 | INFO     | app.middleware.logging_middleware:dispatch:8 - GET /weather -> 200
2026-07-06 18:28:06.647 | INFO     | app.middleware.logging_middleware:dispatch:8 - GET /weather -> 200
2026-07-06 18:28:07.053 | INFO     | app.middleware.logging_middleware:dispatch:8 - GET /weather -> 200
2026-07-06 18:28:07.315 | INFO     | app.middleware.logging_middleware:dispatch:8 - GET /weather -> 200
2026-07-06 18:28:07.466 | INFO     | app.middleware.logging_middleware:dispatch:8 - GET /weather -> 200
2026-07-06 18:28:08.818 | INFO     | app.middleware.logging_middleware:dispatch:8 - GET /weather -> 200
2026-07-06 18:28:10.203 | INFO     | app.middleware.logging_middleware:dispatch:8 - GET /health -> 200
2026-07-06 18:28:10.865 | INFO     | app.middleware.logging_middleware:dispatch:8 - GET /metrics -> 200
2026-07-06 18:28:12.631 | INFO     | app.middleware.logging_middleware:dispatch:8 - GET /weather -> 200
2026-07-06 18:28:13.217 | INFO     | app.middleware.logging_middleware:dispatch:8 - GET /weather -> 200
2026-07-06 18:28:13.316 | INFO     | app.middleware.logging_middleware:dispatch:8 - GET /weather -> 200
2026-07-06 18:28:13.450 | INFO     | app.middleware.logging_middleware:dispatch:8 - GET /weather -> 200
2026-07-06 18:28:13.602 | INFO     | app.middleware.logging_middleware:dispatch:8 - GET /weather -> 200
2026-07-06 18:28:13.647 | INFO     | app.middleware.logging_middleware:dispatch:8 - GET /weather -> 200
2026-07-06 18:28:14.097 | INFO     | app.middleware.logging_middleware:dispatch:8 - GET /weather -> 200
2026-07-06 18:28:14.151 | INFO     | app.middleware.logging_middleware:dispatch:8 - GET /weather -> 200
2026-07-06 18:28:14.251 | INFO     | app.middleware.logging_middleware:dispatch:8 - GET /weather -> 200
2026-07-06 18:28:14.313 | INFO     | app.middleware.logging_middleware:dispatch:8 - GET /weather -> 200
2026-07-06 18:28:15.201 | INFO     | app.middleware.logging_middleware:dispatch:8 - GET /weather -> 200
2026-07-06 18:28:15.233 | INFO     | app.middleware.logging_middleware:dispatch:8 - GET /weather -> 200
2026-07-06 18:28:15.541 | INFO     | app.middleware.logging_middleware:dispatch:8 - GET /weather -> 200
2026-07-06 18:28:15.856 | INFO     | app.middleware.logging_middleware:dispatch:8 - GET /weather -> 200
2026-07-06 18:28:16.125 | INFO     | app.middleware.logging_middleware:dispatch:8 - GET /weather -> 200
2026-07-06 18:28:16.188 | INFO     | app.middleware.logging_middleware:dispatch:8 - GET /weather -> 200
2026-07-06 18:28:16.705 | INFO     | app.middleware.logging_middleware:dispatch:8 - GET /weather -> 200
2026-07-06 18:28:16.709 | INFO     | app.middleware.logging_middleware:dispatch:8 - GET /weather -> 200
2026-07-06 18:28:16.751 | INFO     | app.middleware.logging_middleware:dispatch:8 - GET /weather -> 200
2026-07-06 18:28:16.780 | INFO     | app.middleware.logging_middleware:dispatch:8 - GET /weather -> 200
2026-07-06 18:28:16.991 | INFO     | app.middleware.logging_middleware:dispatch:8 - GET /weather -> 200
2026-07-06 18:28:17.059 | INFO     | app.middleware.logging_middleware:dispatch:8 - GET /weather -> 200
2026-07-06 18:28:17.100 | INFO     | app.middleware.logging_middleware:dispatch:8 - GET /weather -> 200
2026-07-06 18:28:17.175 | INFO     | app.middleware.logging_middleware:dispatch:8 - GET /weather -> 200
2026-07-06 18:28:17.286 | INFO     | app.middleware.logging_middleware:dispatch:8 - GET /weather -> 200
2026-07-06 18:28:17.352 | INFO     | app.middleware.logging_middleware:dispatch:8 - GET /weather -> 200
2026-07-06 18:28:17.692 | INFO     | app.middleware.logging_middleware:dispatch:8 - GET /incidents -> 200
2026-07-06 18:28:17.824 | INFO     | app.middleware.logging_middleware:dispatch:8 - GET /weather -> 200
2026-07-06 18:28:18.078 | INFO     | app.middleware.logging_middleware:dispatch:8 - GET /weather -> 200
2026-07-06 18:28:18.279 | INFO     | app.middleware.logging_middleware:dispatch:8 - GET /weather -> 200
2026-07-06 18:28:18.411 | INFO     | app.middleware.logging_middleware:dispatch:8 - GET /weather -> 200
2026-07-06 18:28:18.865 | INFO     | app.middleware.logging_middleware:dispatch:8 - GET /weather -> 200
2026-07-06 18:28:18.881 | INFO     | app.middleware.logging_middleware:dispatch:8 - GET /incidents -> 200
2026-07-06 18:28:18.895 | INFO     | app.middleware.logging_middleware:dispatch:8 - GET /weather -> 200
2026-07-06 18:28:18.910 | INFO     | app.middleware.logging_middleware:dispatch:8 - GET /weather -> 200
2026-07-06 18:28:19.115 | INFO     | app.middleware.logging_middleware:dispatch:8 - GET /health -> 200
2026-07-06 18:28:19.574 | INFO     | app.middleware.logging_middleware:dispatch:8 - GET /weather -> 200
2026-07-06 18:28:19.732 | INFO     | app.middleware.logging_middleware:dispatch:8 - GET /weather -> 200
2026-07-06 18:28:19.763 | INFO     | app.middleware.logging_middleware:dispatch:8 - GET /weather -> 200
2026-07-06 18:28:20.014 | INFO     | app.middleware.logging_middleware:dispatch:8 - GET /weather -> 200
2026-07-06 18:28:20.254 | INFO     | app.middleware.logging_middleware:dispatch:8 - GET /incidents -> 200
2026-07-06 18:28:20.608 | INFO     | app.middleware.logging_middleware:dispatch:8 - GET /health -> 200
2026-07-06 18:28:20.898 | INFO     | app.middleware.logging_middleware:dispatch:8 - GET /weather -> 200
2026-07-06 18:28:20.928 | INFO     | app.middleware.logging_middleware:dispatch:8 - GET /weather -> 200
2026-07-06 18:28:21.411 | INFO     | app.middleware.logging_middleware:dispatch:8 - GET /request-logs -> 200
2026-07-06 18:28:21.627 | INFO     | app.middleware.logging_middleware:dispatch:8 - GET /weather -> 200
2026-07-06 18:28:21.658 | INFO     | app.middleware.logging_middleware:dispatch:8 - GET /weather -> 200
2026-07-06 18:28:22.556 | INFO     | app.middleware.logging_middleware:dispatch:8 - GET /health -> 200
2026-07-06 18:28:23.204 | INFO     | app.middleware.logging_middleware:dispatch:8 - GET /weather -> 200
2026-07-06 18:28:23.256 | INFO     | app.middleware.logging_middleware:dispatch:8 - GET /weather -> 200
2026-07-06 18:28:23.803 | INFO     | app.middleware.logging_middleware:dispatch:8 - GET /incidents -> 200
2026-07-06 18:28:24.305 | INFO     | app.middleware.logging_middleware:dispatch:8 - GET /weather -> 200
2026-07-06 18:28:24.336 | INFO     | app.middleware.logging_middleware:dispatch:8 - GET /weather -> 200
2026-07-06 18:28:25.508 | INFO     | app.middleware.logging_middleware:dispatch:8 - GET /weather -> 200
2026-07-06 18:28:26.660 | INFO     | app.middleware.logging_middleware:dispatch:8 - GET /health -> 200
2026-07-06 18:28:26.712 | INFO     | app.middleware.logging_middleware:dispatch:8 - GET /weather -> 200
2026-07-06 18:28:27.178 | INFO     | app.middleware.logging_middleware:dispatch:8 - GET /weather -> 200
2026-07-06 18:28:27.595 | INFO     | app.middleware.logging_middleware:dispatch:8 - GET /weather -> 200
2026-07-06 18:28:27.715 | INFO     | app.middleware.logging_middleware:dispatch:8 - GET /weather -> 200
2026-07-06 18:28:28.032 | INFO     | app.middleware.logging_middleware:dispatch:8 - GET /weather -> 200
2026-07-06 18:28:28.311 | INFO     | app.middleware.logging_middleware:dispatch:8 - GET /weather -> 200
2026-07-06 18:28:28.650 | INFO     | app.middleware.logging_middleware:dispatch:8 - GET /weather -> 200
2026-07-06 18:28:29.053 | INFO     | app.middleware.logging_middleware:dispatch:8 - GET /weather -> 200
2026-07-06 18:28:29.447 | INFO     | app.middleware.logging_middleware:dispatch:8 - GET /weather -> 200
2026-07-06 18:28:29.579 | INFO     | app.middleware.logging_middleware:dispatch:8 - GET /weather -> 200
2026-07-06 18:28:30.045 | INFO     | app.middleware.logging_middleware:dispatch:8 - GET /weather -> 200
2026-07-06 18:28:30.459 | INFO     | app.middleware.logging_middleware:dispatch:8 - GET /weather -> 200
2026-07-06 18:28:30.654 | INFO     | app.middleware.logging_middleware:dispatch:8 - GET /weather -> 200
2026-07-06 18:28:30.865 | INFO     | app.middleware.logging_middleware:dispatch:8 - GET /weather -> 200
2026-07-06 18:28:30.966 | INFO     | app.middleware.logging_middleware:dispatch:8 - GET /request-logs -> 200
2026-07-06 18:28:31.089 | INFO     | app.middleware.logging_middleware:dispatch:8 - GET /request-logs -> 200
2026-07-06 18:28:31.285 | INFO     | app.middleware.logging_middleware:dispatch:8 - GET /weather -> 200
2026-07-06 18:28:31.871 | INFO     | app.middleware.logging_middleware:dispatch:8 - GET /weather -> 200
2026-07-06 18:28:31.896 | INFO     | app.middleware.logging_middleware:dispatch:8 - GET /weather -> 200
2026-07-06 18:28:31.980 | INFO     | app.middleware.logging_middleware:dispatch:8 - GET /incidents -> 200
2026-07-06 18:28:32.225 | INFO     | app.middleware.logging_middleware:dispatch:8 - GET /weather -> 200
2026-07-06 18:28:32.246 | INFO     | app.middleware.logging_middleware:dispatch:8 - GET /weather -> 200
2026-07-06 18:28:32.490 | INFO     | app.middleware.logging_middleware:dispatch:8 - GET /weather -> 200
2026-07-06 18:28:32.727 | INFO     | app.middleware.logging_middleware:dispatch:8 - GET /weather -> 200
2026-07-06 18:28:33.147 | INFO     | app.middleware.logging_middleware:dispatch:8 - GET /weather -> 200
2026-07-06 18:28:33.194 | INFO     | app.middleware.logging_middleware:dispatch:8 - GET /weather -> 200
2026-07-06 18:28:33.209 | INFO     | app.middleware.logging_middleware:dispatch:8 - GET /incidents -> 200
2026-07-06 18:28:33.350 | INFO     | app.middleware.logging_middleware:dispatch:8 - GET /weather -> 200
2026-07-06 18:28:33.350 | INFO     | app.middleware.logging_middleware:dispatch:8 - GET /incidents -> 200
2026-07-06 18:28:33.370 | INFO     | app.middleware.logging_middleware:dispatch:8 - GET /weather -> 200
2026-07-06 18:28:33.600 | INFO     | app.middleware.logging_middleware:dispatch:8 - GET /weather -> 200
2026-07-06 18:28:33.838 | INFO     | app.middleware.logging_middleware:dispatch:8 - GET /health -> 200
2026-07-06 18:28:34.019 | INFO     | app.middleware.logging_middleware:dispatch:8 - GET /weather -> 200
2026-07-06 18:28:34.100 | INFO     | app.middleware.logging_middleware:dispatch:8 - GET /incidents -> 200
2026-07-06 18:28:34.709 | INFO     | app.middleware.logging_middleware:dispatch:8 - GET /weather -> 200
2026-07-06 18:28:34.756 | INFO     | app.middleware.logging_middleware:dispatch:8 - GET /health -> 200
2026-07-06 18:28:34.756 | INFO     | app.middleware.logging_middleware:dispatch:8 - GET /health -> 200
2026-07-06 18:28:34.832 | INFO     | app.middleware.logging_middleware:dispatch:8 - GET /request-logs -> 200
2026-07-06 18:28:35.009 | INFO     | app.middleware.logging_middleware:dispatch:8 - GET /incidents -> 200
2026-07-06 18:28:35.115 | INFO     | app.middleware.logging_middleware:dispatch:8 - GET /weather -> 200
2026-07-06 18:28:35.376 | INFO     | app.middleware.logging_middleware:dispatch:8 - GET /metrics -> 200
2026-07-06 18:28:35.412 | INFO     | app.middleware.logging_middleware:dispatch:8 - GET /weather -> 200
2026-07-06 18:28:35.474 | INFO     | app.middleware.logging_middleware:dispatch:8 - GET /weather -> 200
2026-07-06 18:28:35.867 | INFO     | app.middleware.logging_middleware:dispatch:8 - GET /weather -> 200
2026-07-06 18:28:36.147 | INFO     | app.middleware.logging_middleware:dispatch:8 - GET /weather -> 200
2026-07-06 18:28:36.269 | INFO     | app.middleware.logging_middleware:dispatch:8 - GET /weather -> 200
2026-07-06 18:28:36.465 | INFO     | app.middleware.logging_middleware:dispatch:8 - GET /health -> 200
2026-07-06 18:28:36.500 | INFO     | app.middleware.logging_middleware:dispatch:8 - GET /weather -> 200
2026-07-06 18:28:36.615 | INFO     | app.middleware.logging_middleware:dispatch:8 - GET /weather -> 200
2026-07-06 18:28:36.774 | INFO     | app.middleware.logging_middleware:dispatch:8 - GET /weather -> 200
2026-07-06 18:28:37.131 | INFO     | app.middleware.logging_middleware:dispatch:8 - GET /metrics -> 200
2026-07-06 18:28:37.309 | INFO     | app.middleware.logging_middleware:dispatch:8 - GET /weather -> 200
2026-07-06 18:28:37.473 | INFO     | app.middleware.logging_middleware:dispatch:8 - GET /weather -> 200
2026-07-06 18:28:37.576 | INFO     | app.middleware.logging_middleware:dispatch:8 - GET /weather -> 200
2026-07-06 18:28:37.697 | INFO     | app.middleware.logging_middleware:dispatch:8 - GET /health -> 200
2026-07-06 18:28:37.991 | INFO     | app.middleware.logging_middleware:dispatch:8 - GET /incidents -> 200
2026-07-06 18:28:38.366 | INFO     | app.middleware.logging_middleware:dispatch:8 - GET /weather -> 200
2026-07-06 18:28:38.486 | INFO     | app.middleware.logging_middleware:dispatch:8 - GET /weather -> 200
2026-07-06 18:28:38.516 | INFO     | app.middleware.logging_middleware:dispatch:8 - GET /weather -> 200
2026-07-06 18:28:38.542 | INFO     | app.middleware.logging_middleware:dispatch:8 - GET /metrics -> 200
2026-07-06 18:28:38.618 | INFO     | app.middleware.logging_middleware:dispatch:8 - GET /metrics -> 200
2026-07-06 18:28:38.642 | INFO     | app.middleware.logging_middleware:dispatch:8 - GET /weather -> 200
2026-07-06 18:28:38.988 | INFO     | app.middleware.logging_middleware:dispatch:8 - GET /weather -> 200
2026-07-06 18:28:39.035 | INFO     | app.middleware.logging_middleware:dispatch:8 - GET /weather -> 200
2026-07-06 18:28:39.119 | INFO     | app.middleware.logging_middleware:dispatch:8 - GET /weather -> 200
2026-07-06 18:28:39.134 | INFO     | app.middleware.logging_middleware:dispatch:8 - GET /incidents -> 200
2026-07-06 18:28:39.367 | INFO     | app.middleware.logging_middleware:dispatch:8 - GET /incidents -> 200
2026-07-06 18:28:40.034 | INFO     | app.middleware.logging_middleware:dispatch:8 - GET /metrics -> 200
2026-07-06 18:28:40.040 | INFO     | app.middleware.logging_middleware:dispatch:8 - GET /metrics -> 200
2026-07-06 18:28:40.054 | INFO     | app.middleware.logging_middleware:dispatch:8 - GET /weather -> 200
2026-07-06 18:28:40.254 | INFO     | app.middleware.logging_middleware:dispatch:8 - GET /weather -> 200
2026-07-06 18:28:40.286 | INFO     | app.middleware.logging_middleware:dispatch:8 - GET /weather -> 200
2026-07-06 18:28:40.380 | INFO     | app.middleware.logging_middleware:dispatch:8 - GET /metrics -> 200
2026-07-06 18:28:40.480 | INFO     | app.middleware.logging_middleware:dispatch:8 - GET /health -> 200
2026-07-06 18:28:40.729 | INFO     | app.middleware.logging_middleware:dispatch:8 - GET /weather -> 200
2026-07-06 18:28:40.842 | INFO     | app.middleware.logging_middleware:dispatch:8 - GET /health -> 200
2026-07-06 18:28:41.068 | INFO     | app.middleware.logging_middleware:dispatch:8 - GET /incidents -> 200
2026-07-06 18:28:41.342 | INFO     | app.middleware.logging_middleware:dispatch:8 - GET /weather -> 200
2026-07-06 18:28:41.662 | INFO     | app.middleware.logging_middleware:dispatch:8 - GET /request-logs -> 200
2026-07-06 18:28:41.889 | INFO     | app.middleware.logging_middleware:dispatch:8 - GET /weather -> 200
2026-07-06 18:28:42.002 | INFO     | app.middleware.logging_middleware:dispatch:8 - GET /weather -> 200
2026-07-06 18:28:42.527 | INFO     | app.middleware.logging_middleware:dispatch:8 - GET /health -> 200
2026-07-06 18:28:42.567 | INFO     | app.middleware.logging_middleware:dispatch:8 - GET /weather -> 200
2026-07-06 18:28:42.702 | INFO     | app.middleware.logging_middleware:dispatch:8 - GET /request-logs -> 200
2026-07-06 18:28:43.428 | INFO     | app.middleware.logging_middleware:dispatch:8 - GET /weather -> 200
2026-07-06 18:28:43.607 | INFO     | app.middleware.logging_middleware:dispatch:8 - GET /weather -> 200
2026-07-06 18:28:44.331 | INFO     | app.middleware.logging_middleware:dispatch:8 - GET /weather -> 200
2026-07-06 18:28:44.555 | INFO     | app.middleware.logging_middleware:dispatch:8 - GET /weather -> 200
2026-07-06 18:28:44.595 | INFO     | app.middleware.logging_middleware:dispatch:8 - GET /weather -> 200
2026-07-06 18:28:44.753 | INFO     | app.middleware.logging_middleware:dispatch:8 - GET /weather -> 200
2026-07-06 18:28:45.834 | INFO     | app.middleware.logging_middleware:dispatch:8 - GET /incidents -> 200
2026-07-06 18:28:45.979 | INFO     | app.middleware.logging_middleware:dispatch:8 - GET /weather -> 200
2026-07-06 18:28:46.166 | INFO     | app.middleware.logging_middleware:dispatch:8 - GET /weather -> 200
2026-07-06 18:28:46.344 | INFO     | app.middleware.logging_middleware:dispatch:8 - GET /weather -> 200
2026-07-06 18:28:46.631 | INFO     | app.middleware.logging_middleware:dispatch:8 - GET /weather -> 200
2026-07-06 18:28:47.317 | INFO     | app.middleware.logging_middleware:dispatch:8 - GET /weather -> 200
2026-07-06 18:28:47.334 | INFO     | app.middleware.logging_middleware:dispatch:8 - GET /weather -> 200
2026-07-06 18:28:47.349 | INFO     | app.middleware.logging_middleware:dispatch:8 - GET /weather -> 200
2026-07-06 18:28:47.459 | INFO     | app.middleware.logging_middleware:dispatch:8 - GET /weather -> 200
2026-07-06 18:28:47.581 | INFO     | app.middleware.logging_middleware:dispatch:8 - GET /weather -> 200
2026-07-06 18:28:48.022 | INFO     | app.middleware.logging_middleware:dispatch:8 - GET /weather -> 200
2026-07-06 18:28:48.022 | INFO     | app.middleware.logging_middleware:dispatch:8 - GET /health -> 200
2026-07-06 18:28:48.156 | INFO     | app.middleware.logging_middleware:dispatch:8 - GET /weather -> 200
2026-07-06 18:28:48.197 | INFO     | app.middleware.logging_middleware:dispatch:8 - GET /weather -> 200
2026-07-06 18:28:48.240 | INFO     | app.middleware.logging_middleware:dispatch:8 - GET /weather -> 200
2026-07-06 18:28:49.220 | INFO     | app.middleware.logging_middleware:dispatch:8 - GET /weather -> 200
2026-07-06 18:28:49.361 | INFO     | app.middleware.logging_middleware:dispatch:8 - GET /weather -> 200
2026-07-06 18:28:49.595 | INFO     | app.middleware.logging_middleware:dispatch:8 - GET /weather -> 200
2026-07-06 18:28:49.691 | INFO     | app.middleware.logging_middleware:dispatch:8 - GET /weather -> 200
2026-07-06 18:28:49.901 | INFO     | app.middleware.logging_middleware:dispatch:8 - GET /weather -> 200
2026-07-06 18:28:50.029 | INFO     | app.middleware.logging_middleware:dispatch:8 - GET /request-logs -> 200
2026-07-06 18:28:50.169 | INFO     | app.middleware.logging_middleware:dispatch:8 - GET /weather -> 200
2026-07-06 18:28:50.928 | INFO     | app.middleware.logging_middleware:dispatch:8 - GET /request-logs -> 200
2026-07-06 18:28:50.953 | INFO     | app.middleware.logging_middleware:dispatch:8 - GET /weather -> 200
2026-07-06 18:28:51.031 | INFO     | app.middleware.logging_middleware:dispatch:8 - GET /weather -> 200
2026-07-06 18:28:51.543 | INFO     | app.middleware.logging_middleware:dispatch:8 - GET /weather -> 200
2026-07-06 18:28:51.596 | INFO     | app.middleware.logging_middleware:dispatch:8 - GET /weather -> 200
2026-07-06 18:28:51.877 | INFO     | app.middleware.logging_middleware:dispatch:8 - GET /weather -> 200
2026-07-06 18:28:52.159 | INFO     | app.middleware.logging_middleware:dispatch:8 - GET /weather -> 200
2026-07-06 18:28:52.525 | INFO     | app.middleware.logging_middleware:dispatch:8 - GET /weather -> 200
2026-07-06 18:28:52.740 | INFO     | app.middleware.logging_middleware:dispatch:8 - GET /weather -> 200
2026-07-06 18:28:52.912 | INFO     | app.middleware.logging_middleware:dispatch:8 - GET /weather -> 200
2026-07-06 18:28:53.188 | INFO     | app.middleware.logging_middleware:dispatch:8 - GET /weather -> 200
2026-07-06 18:28:53.268 | INFO     | app.middleware.logging_middleware:dispatch:8 - GET /request-logs -> 200
2026-07-06 18:28:53.408 | INFO     | app.middleware.logging_middleware:dispatch:8 - GET /health -> 200
2026-07-06 18:28:53.551 | INFO     | app.middleware.logging_middleware:dispatch:8 - GET /metrics -> 200
2026-07-06 18:28:54.412 | INFO     | app.middleware.logging_middleware:dispatch:8 - GET /weather -> 200
2026-07-06 18:28:54.495 | INFO     | app.middleware.logging_middleware:dispatch:8 - GET /weather -> 200
2026-07-06 18:28:54.697 | INFO     | app.middleware.logging_middleware:dispatch:8 - GET /health -> 200
2026-07-06 18:28:54.721 | INFO     | app.middleware.logging_middleware:dispatch:8 - GET /weather -> 200
2026-07-06 18:28:55.002 | INFO     | app.middleware.logging_middleware:dispatch:8 - GET /weather -> 200
2026-07-06 18:28:55.387 | INFO     | app.middleware.logging_middleware:dispatch:8 - GET /health -> 200
2026-07-06 18:28:55.412 | INFO     | app.middleware.logging_middleware:dispatch:8 - GET /weather -> 200
2026-07-06 18:28:55.498 | INFO     | app.middleware.logging_middleware:dispatch:8 - GET /weather -> 200
2026-07-06 18:28:55.773 | INFO     | app.middleware.logging_middleware:dispatch:8 - GET /weather -> 200
2026-07-06 18:28:56.027 | INFO     | app.middleware.logging_middleware:dispatch:8 - GET /weather -> 200
2026-07-06 18:28:56.351 | INFO     | app.middleware.logging_middleware:dispatch:8 - GET /weather -> 200
2026-07-06 18:28:56.351 | INFO     | app.middleware.logging_middleware:dispatch:8 - GET /request-logs -> 200
2026-07-06 18:28:56.600 | INFO     | app.middleware.logging_middleware:dispatch:8 - GET /weather -> 200
2026-07-06 18:28:57.043 | INFO     | app.middleware.logging_middleware:dispatch:8 - GET /weather -> 200
2026-07-06 18:28:57.258 | INFO     | app.middleware.logging_middleware:dispatch:8 - GET /weather -> 200
2026-07-06 18:28:57.403 | INFO     | app.middleware.logging_middleware:dispatch:8 - GET /weather -> 200
2026-07-06 18:28:57.553 | INFO     | app.middleware.logging_middleware:dispatch:8 - GET /weather -> 200
2026-07-06 18:28:58.158 | INFO     | app.middleware.logging_middleware:dispatch:8 - GET /health -> 200
2026-07-06 18:28:58.161 | INFO     | app.middleware.logging_middleware:dispatch:8 - GET /weather -> 200
2026-07-06 18:28:58.334 | INFO     | app.middleware.logging_middleware:dispatch:8 - GET /weather -> 200
2026-07-06 18:28:58.395 | INFO     | app.middleware.logging_middleware:dispatch:8 - GET /weather -> 200
2026-07-06 18:28:58.497 | INFO     | app.middleware.logging_middleware:dispatch:8 - GET /weather -> 200
2026-07-06 18:28:58.908 | INFO     | app.middleware.logging_middleware:dispatch:8 - GET /weather -> 200
2026-07-06 18:28:59.037 | INFO     | app.middleware.logging_middleware:dispatch:8 - GET /weather -> 200
2026-07-06 18:28:59.054 | INFO     | app.middleware.logging_middleware:dispatch:8 - GET /weather -> 200
2026-07-06 18:28:59.061 | INFO     | app.middleware.logging_middleware:dispatch:8 - GET /weather -> 200
2026-07-06 18:28:59.176 | INFO     | app.middleware.logging_middleware:dispatch:8 - GET /weather -> 200
2026-07-06 18:28:59.317 | INFO     | app.middleware.logging_middleware:dispatch:8 - GET /weather -> 200
2026-07-06 18:28:59.824 | INFO     | app.middleware.logging_middleware:dispatch:8 - GET /weather -> 200
2026-07-06 18:28:59.927 | INFO     | app.middleware.logging_middleware:dispatch:8 - GET /weather -> 200
2026-07-06 18:29:00.337 | INFO     | app.middleware.logging_middleware:dispatch:8 - GET /weather -> 200
2026-07-06 18:29:00.359 | INFO     | app.middleware.logging_middleware:dispatch:8 - GET /weather -> 200
2026-07-06 18:29:00.498 | INFO     | app.middleware.logging_middleware:dispatch:8 - GET /health -> 200
2026-07-06 18:29:00.654 | INFO     | app.middleware.logging_middleware:dispatch:8 - GET /weather -> 200
2026-07-06 18:29:00.803 | INFO     | app.middleware.logging_middleware:dispatch:8 - GET /weather -> 200
2026-07-06 18:29:00.869 | INFO     | app.middleware.logging_middleware:dispatch:8 - GET /weather -> 200
2026-07-06 18:29:01.219 | INFO     | app.middleware.logging_middleware:dispatch:8 - GET /weather -> 200
2026-07-06 18:29:01.363 | INFO     | app.middleware.logging_middleware:dispatch:8 - GET /weather -> 200
2026-07-06 18:29:01.546 | INFO     | app.middleware.logging_middleware:dispatch:8 - GET /weather -> 200
2026-07-06 18:29:01.597 | INFO     | app.middleware.logging_middleware:dispatch:8 - GET /weather -> 200
2026-07-06 18:29:01.609 | INFO     | app.middleware.logging_middleware:dispatch:8 - GET /weather -> 200
2026-07-06 18:29:02.861 | INFO     | app.middleware.logging_middleware:dispatch:8 - GET /weather -> 200
2026-07-06 18:29:07.275 | INFO     | app.middleware.logging_middleware:dispatch:8 - GET /weather -> 200
2026-07-06 18:29:07.894 | INFO     | app.middleware.logging_middleware:dispatch:8 - GET /weather -> 200
2026-07-06 18:29:08.412 | INFO     | app.middleware.logging_middleware:dispatch:8 - GET /weather -> 200
