2026-06-28 21:04:16,403 | INFO | ======================================================================
2026-06-28 21:04:16,404 | INFO | Request ID  : ffd488d6-981b-4abb-ab90-0604ef444e17
2026-06-28 21:04:16,404 | INFO | Method      : GET
2026-06-28 21:04:16,404 | INFO | URL         : /weather/Chennai
2026-06-28 21:04:16,404 | INFO | Client IP   : 127.0.0.1
2026-06-28 21:04:17,653 | INFO | Diagnosis saved.
2026-06-28 21:04:17,670 | INFO | Status Code : 200
2026-06-28 21:04:17,670 | INFO | Time Taken  : 1.2668 sec
2026-06-28 21:04:17,670 | INFO | ======================================================================
2026-06-28 21:05:29,754 | INFO | ======================================================================
2026-06-28 21:05:29,754 | INFO | Request ID  : d2eb9ffb-0e0c-41c4-a73f-49c0a8381c7d
2026-06-28 21:05:29,755 | INFO | Method      : GET
2026-06-28 21:05:29,755 | INFO | URL         : /weather/Chennai
2026-06-28 21:05:29,755 | INFO | Client IP   : 127.0.0.1
2026-06-28 21:05:29,759 | ERROR | Unhandled Exception : 'status'
Traceback (most recent call last):
  File "C:\syed\Milestone_project\autohealai-weather\backend\middleware\app_middleware.py", line 48, in dispatch
    response = await call_next(request)
               ^^^^^^^^^^^^^^^^^^^^^^^^
  File "C:\syed\Milestone_project\autohealai-weather\.venv\Lib\site-packages\starlette\middleware\base.py", line 168, in call_next
    raise app_exc from app_exc.__cause__ or app_exc.__context__
  File "C:\syed\Milestone_project\autohealai-weather\.venv\Lib\site-packages\starlette\middleware\base.py", line 144, in coro
    await self.app(scope, receive_or_disconnect, send_no_error)
  File "C:\syed\Milestone_project\autohealai-weather\.venv\Lib\site-packages\starlette\middleware\exceptions.py", line 63, in __call__
    await wrap_app_handling_exceptions(self.app, conn)(scope, receive, send)
  File "C:\syed\Milestone_project\autohealai-weather\.venv\Lib\site-packages\starlette\_exception_handler.py", line 53, in wrapped_app
    raise exc
  File "C:\syed\Milestone_project\autohealai-weather\.venv\Lib\site-packages\starlette\_exception_handler.py", line 42, in wrapped_app
    await app(scope, receive, sender)
  File "C:\syed\Milestone_project\autohealai-weather\.venv\Lib\site-packages\fastapi\middleware\asyncexitstack.py", line 18, in __call__
    await self.app(scope, receive, send)
  File "C:\syed\Milestone_project\autohealai-weather\.venv\Lib\site-packages\starlette\routing.py", line 660, in __call__
    await self.middleware_stack(scope, receive, send)
  File "C:\syed\Milestone_project\autohealai-weather\.venv\Lib\site-packages\fastapi\routing.py", line 2531, in app
    await route.handle(scope, receive, send)
  File "C:\syed\Milestone_project\autohealai-weather\.venv\Lib\site-packages\fastapi\routing.py", line 1241, in handle
    await super().handle(scope, receive, send)
  File "C:\syed\Milestone_project\autohealai-weather\.venv\Lib\site-packages\starlette\routing.py", line 276, in handle
    await self.app(scope, receive, send)
  File "C:\syed\Milestone_project\autohealai-weather\.venv\Lib\site-packages\fastapi\routing.py", line 150, in app
    await wrap_app_handling_exceptions(app, request)(scope, receive, send)
  File "C:\syed\Milestone_project\autohealai-weather\.venv\Lib\site-packages\starlette\_exception_handler.py", line 53, in wrapped_app
    raise exc
  File "C:\syed\Milestone_project\autohealai-weather\.venv\Lib\site-packages\starlette\_exception_handler.py", line 42, in wrapped_app
    await app(scope, receive, sender)
  File "C:\syed\Milestone_project\autohealai-weather\.venv\Lib\site-packages\fastapi\routing.py", line 136, in app
    response = await f(request)
               ^^^^^^^^^^^^^^^^
  File "C:\syed\Milestone_project\autohealai-weather\.venv\Lib\site-packages\fastapi\routing.py", line 690, in app
    raw_response = await run_endpoint_function(
                   ^^^^^^^^^^^^^^^^^^^^^^^^^^^^
    ...<3 lines>...
    )
    ^
  File "C:\syed\Milestone_project\autohealai-weather\.venv\Lib\site-packages\fastapi\routing.py", line 346, in run_endpoint_function
    return await run_in_threadpool(dependant.call, **values)
           ^^^^^^^^^^^^^^^^^^^^^^^^^^^^^^^^^^^^^^^^^^^^^^^^^
  File "C:\syed\Milestone_project\autohealai-weather\.venv\Lib\site-packages\starlette\concurrency.py", line 34, in run_in_threadpool
    return await anyio.to_thread.run_sync(func)
           ^^^^^^^^^^^^^^^^^^^^^^^^^^^^^^^^^^^^
  File "C:\syed\Milestone_project\autohealai-weather\.venv\Lib\site-packages\anyio\to_thread.py", line 63, in run_sync
    return await get_async_backend().run_sync_in_worker_thread(
           ^^^^^^^^^^^^^^^^^^^^^^^^^^^^^^^^^^^^^^^^^^^^^^^^^^^^
        func, args, abandon_on_cancel=abandon_on_cancel, limiter=limiter
        ^^^^^^^^^^^^^^^^^^^^^^^^^^^^^^^^^^^^^^^^^^^^^^^^^^^^^^^^^^^^^^^^
    )
    ^
  File "C:\syed\Milestone_project\autohealai-weather\.venv\Lib\site-packages\anyio\_backends\_asyncio.py", line 2596, in run_sync_in_worker_thread
    return await future
           ^^^^^^^^^^^^
  File "C:\syed\Milestone_project\autohealai-weather\.venv\Lib\site-packages\anyio\_backends\_asyncio.py", line 1029, in run
    result = context.run(func, *args)
  File "C:\syed\Milestone_project\autohealai-weather\backend\app\main.py", line 33, in weather
    incident = monitoring_agent.monitor(city, final_result, mode)
  File "C:\syed\Milestone_project\autohealai-weather\backend\agents\monitoring.py", line 59, in monitor
    if api_response["status"] == "SUCCESS":
       ~~~~~~~~~~~~^^^^^^^^^^
KeyError: 'status'
2026-06-28 21:11:17,511 | INFO | ======================================================================
2026-06-28 21:11:17,511 | INFO | Request ID  : b03fc227-c6f6-445b-86e3-1c4a50258d6c
2026-06-28 21:11:17,511 | INFO | Method      : GET
2026-06-28 21:11:17,512 | INFO | URL         : /weather/Chennai
2026-06-28 21:11:17,512 | INFO | Client IP   : 127.0.0.1
2026-06-28 21:11:17,518 | ERROR | Unhandled Exception : 'status'
Traceback (most recent call last):
  File "C:\syed\Milestone_project\autohealai-weather\backend\middleware\app_middleware.py", line 48, in dispatch
    response = await call_next(request)
               ^^^^^^^^^^^^^^^^^^^^^^^^
  File "C:\syed\Milestone_project\autohealai-weather\.venv\Lib\site-packages\starlette\middleware\base.py", line 168, in call_next
    raise app_exc from app_exc.__cause__ or app_exc.__context__
  File "C:\syed\Milestone_project\autohealai-weather\.venv\Lib\site-packages\starlette\middleware\base.py", line 144, in coro
    await self.app(scope, receive_or_disconnect, send_no_error)
  File "C:\syed\Milestone_project\autohealai-weather\.venv\Lib\site-packages\starlette\middleware\exceptions.py", line 63, in __call__
    await wrap_app_handling_exceptions(self.app, conn)(scope, receive, send)
  File "C:\syed\Milestone_project\autohealai-weather\.venv\Lib\site-packages\starlette\_exception_handler.py", line 53, in wrapped_app
    raise exc
  File "C:\syed\Milestone_project\autohealai-weather\.venv\Lib\site-packages\starlette\_exception_handler.py", line 42, in wrapped_app
    await app(scope, receive, sender)
  File "C:\syed\Milestone_project\autohealai-weather\.venv\Lib\site-packages\fastapi\middleware\asyncexitstack.py", line 18, in __call__
    await self.app(scope, receive, send)
  File "C:\syed\Milestone_project\autohealai-weather\.venv\Lib\site-packages\starlette\routing.py", line 660, in __call__
    await self.middleware_stack(scope, receive, send)
  File "C:\syed\Milestone_project\autohealai-weather\.venv\Lib\site-packages\fastapi\routing.py", line 2531, in app
    await route.handle(scope, receive, send)
  File "C:\syed\Milestone_project\autohealai-weather\.venv\Lib\site-packages\fastapi\routing.py", line 1241, in handle
    await super().handle(scope, receive, send)
  File "C:\syed\Milestone_project\autohealai-weather\.venv\Lib\site-packages\starlette\routing.py", line 276, in handle
    await self.app(scope, receive, send)
  File "C:\syed\Milestone_project\autohealai-weather\.venv\Lib\site-packages\fastapi\routing.py", line 150, in app
    await wrap_app_handling_exceptions(app, request)(scope, receive, send)
  File "C:\syed\Milestone_project\autohealai-weather\.venv\Lib\site-packages\starlette\_exception_handler.py", line 53, in wrapped_app
    raise exc
  File "C:\syed\Milestone_project\autohealai-weather\.venv\Lib\site-packages\starlette\_exception_handler.py", line 42, in wrapped_app
    await app(scope, receive, sender)
  File "C:\syed\Milestone_project\autohealai-weather\.venv\Lib\site-packages\fastapi\routing.py", line 136, in app
    response = await f(request)
               ^^^^^^^^^^^^^^^^
  File "C:\syed\Milestone_project\autohealai-weather\.venv\Lib\site-packages\fastapi\routing.py", line 690, in app
    raw_response = await run_endpoint_function(
                   ^^^^^^^^^^^^^^^^^^^^^^^^^^^^
    ...<3 lines>...
    )
    ^
  File "C:\syed\Milestone_project\autohealai-weather\.venv\Lib\site-packages\fastapi\routing.py", line 346, in run_endpoint_function
    return await run_in_threadpool(dependant.call, **values)
           ^^^^^^^^^^^^^^^^^^^^^^^^^^^^^^^^^^^^^^^^^^^^^^^^^
  File "C:\syed\Milestone_project\autohealai-weather\.venv\Lib\site-packages\starlette\concurrency.py", line 34, in run_in_threadpool
    return await anyio.to_thread.run_sync(func)
           ^^^^^^^^^^^^^^^^^^^^^^^^^^^^^^^^^^^^
  File "C:\syed\Milestone_project\autohealai-weather\.venv\Lib\site-packages\anyio\to_thread.py", line 63, in run_sync
    return await get_async_backend().run_sync_in_worker_thread(
           ^^^^^^^^^^^^^^^^^^^^^^^^^^^^^^^^^^^^^^^^^^^^^^^^^^^^
        func, args, abandon_on_cancel=abandon_on_cancel, limiter=limiter
        ^^^^^^^^^^^^^^^^^^^^^^^^^^^^^^^^^^^^^^^^^^^^^^^^^^^^^^^^^^^^^^^^
    )
    ^
  File "C:\syed\Milestone_project\autohealai-weather\.venv\Lib\site-packages\anyio\_backends\_asyncio.py", line 2596, in run_sync_in_worker_thread
    return await future
           ^^^^^^^^^^^^
  File "C:\syed\Milestone_project\autohealai-weather\.venv\Lib\site-packages\anyio\_backends\_asyncio.py", line 1029, in run
    result = context.run(func, *args)
  File "C:\syed\Milestone_project\autohealai-weather\backend\app\main.py", line 33, in weather
    incident = monitoring_agent.monitor(city, final_result, mode)
  File "C:\syed\Milestone_project\autohealai-weather\backend\agents\monitoring.py", line 59, in monitor
    if api_response["status"] == "SUCCESS":
       ~~~~~~~~~~~~^^^^^^^^^^
KeyError: 'status'
2026-06-28 21:12:20,222 | INFO | ======================================================================
2026-06-28 21:12:20,222 | INFO | Request ID  : 85ebc181-22d7-43a2-b3eb-1bbdd786d9bd
2026-06-28 21:12:20,222 | INFO | Method      : GET
2026-06-28 21:12:20,222 | INFO | URL         : /weather/Chennai
2026-06-28 21:12:20,223 | INFO | Client IP   : 127.0.0.1
2026-06-28 21:12:20,228 | INFO | Status Code : 200
2026-06-28 21:12:20,228 | INFO | Time Taken  : 0.0061 sec
2026-06-28 21:12:20,228 | INFO | ======================================================================
2026-06-28 21:12:30,504 | INFO | ======================================================================
2026-06-28 21:12:30,504 | INFO | Request ID  : b3ec5d9a-35d7-4d6f-a0a5-599d98fcb94d
2026-06-28 21:12:30,504 | INFO | Method      : GET
2026-06-28 21:12:30,504 | INFO | URL         : /weather/Chennai
2026-06-28 21:12:30,505 | INFO | Client IP   : 127.0.0.1
2026-06-28 21:12:31,748 | INFO | Diagnosis saved.
2026-06-28 21:12:37,764 | INFO | Status Code : 200
2026-06-28 21:12:37,765 | INFO | Time Taken  : 7.2610 sec
2026-06-28 21:12:37,765 | INFO | ======================================================================
2026-06-28 21:12:49,205 | INFO | ======================================================================
2026-06-28 21:12:49,205 | INFO | Request ID  : 6f7c92be-52f3-464f-99f2-c0b8f5391cb2
2026-06-28 21:12:49,205 | INFO | Method      : GET
2026-06-28 21:12:49,206 | INFO | URL         : /weather/Chennai
2026-06-28 21:12:49,206 | INFO | Client IP   : 127.0.0.1
2026-06-28 21:12:50,422 | INFO | Diagnosis saved.
2026-06-28 21:12:50,437 | INFO | Status Code : 200
2026-06-28 21:12:50,437 | INFO | Time Taken  : 1.2318 sec
2026-06-28 21:12:50,437 | INFO | ======================================================================
2026-06-28 21:22:17,115 | INFO | ======================================================================
2026-06-28 21:22:17,116 | INFO | Request ID  : 35c9e0ed-eec9-43ce-8c23-58c9e4d8f10c
2026-06-28 21:22:17,116 | INFO | Method      : GET
2026-06-28 21:22:17,116 | INFO | URL         : /weather/Chennai
2026-06-28 21:22:17,116 | INFO | Client IP   : 127.0.0.1
2026-06-28 21:22:18,372 | INFO | Diagnosis saved.
2026-06-28 21:22:18,390 | ERROR | Unhandled Exception : name 'retry' is not defined
Traceback (most recent call last):
  File "C:\syed\Milestone_project\autohealai-weather\backend\middleware\app_middleware.py", line 48, in dispatch
    response = await call_next(request)
               ^^^^^^^^^^^^^^^^^^^^^^^^
  File "C:\syed\Milestone_project\autohealai-weather\.venv\Lib\site-packages\starlette\middleware\base.py", line 168, in call_next
    raise app_exc from app_exc.__cause__ or app_exc.__context__
  File "C:\syed\Milestone_project\autohealai-weather\.venv\Lib\site-packages\starlette\middleware\base.py", line 144, in coro
    await self.app(scope, receive_or_disconnect, send_no_error)
  File "C:\syed\Milestone_project\autohealai-weather\.venv\Lib\site-packages\starlette\middleware\exceptions.py", line 63, in __call__
    await wrap_app_handling_exceptions(self.app, conn)(scope, receive, send)
  File "C:\syed\Milestone_project\autohealai-weather\.venv\Lib\site-packages\starlette\_exception_handler.py", line 53, in wrapped_app
    raise exc
  File "C:\syed\Milestone_project\autohealai-weather\.venv\Lib\site-packages\starlette\_exception_handler.py", line 42, in wrapped_app
    await app(scope, receive, sender)
  File "C:\syed\Milestone_project\autohealai-weather\.venv\Lib\site-packages\fastapi\middleware\asyncexitstack.py", line 18, in __call__
    await self.app(scope, receive, send)
  File "C:\syed\Milestone_project\autohealai-weather\.venv\Lib\site-packages\starlette\routing.py", line 660, in __call__
    await self.middleware_stack(scope, receive, send)
  File "C:\syed\Milestone_project\autohealai-weather\.venv\Lib\site-packages\fastapi\routing.py", line 2531, in app
    await route.handle(scope, receive, send)
  File "C:\syed\Milestone_project\autohealai-weather\.venv\Lib\site-packages\fastapi\routing.py", line 1241, in handle
    await super().handle(scope, receive, send)
  File "C:\syed\Milestone_project\autohealai-weather\.venv\Lib\site-packages\starlette\routing.py", line 276, in handle
    await self.app(scope, receive, send)
  File "C:\syed\Milestone_project\autohealai-weather\.venv\Lib\site-packages\fastapi\routing.py", line 150, in app
    await wrap_app_handling_exceptions(app, request)(scope, receive, send)
  File "C:\syed\Milestone_project\autohealai-weather\.venv\Lib\site-packages\starlette\_exception_handler.py", line 53, in wrapped_app
    raise exc
  File "C:\syed\Milestone_project\autohealai-weather\.venv\Lib\site-packages\starlette\_exception_handler.py", line 42, in wrapped_app
    await app(scope, receive, sender)
  File "C:\syed\Milestone_project\autohealai-weather\.venv\Lib\site-packages\fastapi\routing.py", line 136, in app
    response = await f(request)
               ^^^^^^^^^^^^^^^^
  File "C:\syed\Milestone_project\autohealai-weather\.venv\Lib\site-packages\fastapi\routing.py", line 690, in app
    raw_response = await run_endpoint_function(
                   ^^^^^^^^^^^^^^^^^^^^^^^^^^^^
    ...<3 lines>...
    )
    ^
  File "C:\syed\Milestone_project\autohealai-weather\.venv\Lib\site-packages\fastapi\routing.py", line 346, in run_endpoint_function
    return await run_in_threadpool(dependant.call, **values)
           ^^^^^^^^^^^^^^^^^^^^^^^^^^^^^^^^^^^^^^^^^^^^^^^^^
  File "C:\syed\Milestone_project\autohealai-weather\.venv\Lib\site-packages\starlette\concurrency.py", line 34, in run_in_threadpool
    return await anyio.to_thread.run_sync(func)
           ^^^^^^^^^^^^^^^^^^^^^^^^^^^^^^^^^^^^
  File "C:\syed\Milestone_project\autohealai-weather\.venv\Lib\site-packages\anyio\to_thread.py", line 63, in run_sync
    return await get_async_backend().run_sync_in_worker_thread(
           ^^^^^^^^^^^^^^^^^^^^^^^^^^^^^^^^^^^^^^^^^^^^^^^^^^^^
        func, args, abandon_on_cancel=abandon_on_cancel, limiter=limiter
        ^^^^^^^^^^^^^^^^^^^^^^^^^^^^^^^^^^^^^^^^^^^^^^^^^^^^^^^^^^^^^^^^
    )
    ^
  File "C:\syed\Milestone_project\autohealai-weather\.venv\Lib\site-packages\anyio\_backends\_asyncio.py", line 2596, in run_sync_in_worker_thread
    return await future
           ^^^^^^^^^^^^
  File "C:\syed\Milestone_project\autohealai-weather\.venv\Lib\site-packages\anyio\_backends\_asyncio.py", line 1029, in run
    result = context.run(func, *args)
  File "C:\syed\Milestone_project\autohealai-weather\backend\app\main.py", line 56, in weather
    "weather": retry["response"]
               ^^^^^
NameError: name 'retry' is not defined. Did you mean: 'repr'?
2026-06-28 21:32:27,477 | INFO | ======================================================================
2026-06-28 21:32:27,478 | INFO | Request ID  : e11649ad-6f98-4684-8912-e7c5f393126b
2026-06-28 21:32:27,478 | INFO | Method      : GET
2026-06-28 21:32:27,478 | INFO | URL         : /weather/Chennai
2026-06-28 21:32:27,478 | INFO | Client IP   : 127.0.0.1
2026-06-28 21:32:27,483 | INFO | Status Code : 200
2026-06-28 21:32:27,483 | INFO | Time Taken  : 0.0056 sec
2026-06-28 21:32:27,483 | INFO | ======================================================================
2026-06-28 21:32:39,176 | INFO | ======================================================================
2026-06-28 21:32:39,176 | INFO | Request ID  : ca50eb82-f1df-4421-a760-903a81afb9fe
2026-06-28 21:32:39,177 | INFO | Method      : GET
2026-06-28 21:32:39,177 | INFO | URL         : /weather/Chennai
2026-06-28 21:32:39,177 | INFO | Client IP   : 127.0.0.1
2026-06-28 21:32:40,431 | INFO | Diagnosis saved.
2026-06-28 21:32:46,450 | INFO | Status Code : 200
2026-06-28 21:32:46,450 | INFO | Time Taken  : 7.2740 sec
2026-06-28 21:32:46,450 | INFO | ======================================================================
2026-06-28 21:33:06,957 | INFO | ======================================================================
2026-06-28 21:33:06,957 | INFO | Request ID  : 5fef6e1b-18b2-49f5-9649-668db392ece4
2026-06-28 21:33:06,957 | INFO | Method      : GET
2026-06-28 21:33:06,957 | INFO | URL         : /weather/Chennai
2026-06-28 21:33:06,957 | INFO | Client IP   : 127.0.0.1
2026-06-28 21:33:08,192 | INFO | Diagnosis saved.
2026-06-28 21:33:08,217 | INFO | Status Code : 200
2026-06-28 21:33:08,218 | INFO | Time Taken  : 1.2607 sec
2026-06-28 21:33:08,218 | INFO | ======================================================================
2026-06-28 21:33:35,066 | INFO | ======================================================================
2026-06-28 21:33:35,067 | INFO | Request ID  : 37271cc9-d970-4c9d-87ff-2eda44dac857
2026-06-28 21:33:35,067 | INFO | Method      : GET
2026-06-28 21:33:35,067 | INFO | URL         : /weather/Mumbai
2026-06-28 21:33:35,067 | INFO | Client IP   : 127.0.0.1
2026-06-28 21:33:35,071 | INFO | Status Code : 200
2026-06-28 21:33:35,071 | INFO | Time Taken  : 0.0048 sec
2026-06-28 21:33:35,071 | INFO | ======================================================================
2026-06-28 21:43:20,572 | INFO | ======================================================================
2026-06-28 21:43:20,573 | INFO | Request ID  : 72772f48-c7d0-4e0f-9593-11f1de893956
2026-06-28 21:43:20,573 | INFO | Method      : GET
2026-06-28 21:43:20,573 | INFO | URL         : /weather/Chennai
2026-06-28 21:43:20,573 | INFO | Client IP   : 127.0.0.1
2026-06-28 21:43:20,579 | INFO | Status Code : 200
2026-06-28 21:43:20,580 | INFO | Time Taken  : 0.0075 sec
2026-06-28 21:43:20,580 | INFO | ======================================================================
2026-06-28 21:48:40,706 | INFO | ======================================================================
2026-06-28 21:48:40,706 | INFO | Request ID  : 88b5ad7c-a1c6-4a7e-b614-1072fc823798
2026-06-28 21:48:40,706 | INFO | Method      : GET
2026-06-28 21:48:40,706 | INFO | URL         : /weather/Chennai
2026-06-28 21:48:40,706 | INFO | Client IP   : 127.0.0.1
2026-06-28 21:48:41,899 | INFO | Diagnosis saved.
2026-06-28 21:48:41,915 | INFO | Status Code : 200
2026-06-28 21:48:41,915 | INFO | Time Taken  : 1.2091 sec
2026-06-28 21:48:41,915 | INFO | ======================================================================
2026-06-28 22:06:52,735 | INFO | ======================================================================
2026-06-28 22:06:52,736 | INFO | Request ID  : ce8e3edb-e849-4ff7-ad91-f97b93c281c1
2026-06-28 22:06:52,736 | INFO | Method      : GET
2026-06-28 22:06:52,736 | INFO | URL         : /weather/Chennai
2026-06-28 22:06:52,736 | INFO | Client IP   : 127.0.0.1
2026-06-28 22:06:53,960 | INFO | Diagnosis saved.
2026-06-28 22:07:04,236 | ERROR | Unhandled Exception : (535, b'5.7.8 Username and Password not accepted. For more information, go to\n5.7.8  https://support.google.com/mail/?p=BadCredentials 5a478bee46e88-30ca5f14f8asm24604148eec.6 - gsmtp')
Traceback (most recent call last):
  File "C:\syed\Milestone_project\autohealai-weather\backend\middleware\app_middleware.py", line 48, in dispatch
    response = await call_next(request)
               ^^^^^^^^^^^^^^^^^^^^^^^^
  File "C:\syed\Milestone_project\autohealai-weather\.venv\Lib\site-packages\starlette\middleware\base.py", line 168, in call_next
    raise app_exc from app_exc.__cause__ or app_exc.__context__
  File "C:\syed\Milestone_project\autohealai-weather\.venv\Lib\site-packages\starlette\middleware\base.py", line 144, in coro
    await self.app(scope, receive_or_disconnect, send_no_error)
  File "C:\syed\Milestone_project\autohealai-weather\.venv\Lib\site-packages\starlette\middleware\exceptions.py", line 63, in __call__
    await wrap_app_handling_exceptions(self.app, conn)(scope, receive, send)
  File "C:\syed\Milestone_project\autohealai-weather\.venv\Lib\site-packages\starlette\_exception_handler.py", line 53, in wrapped_app
    raise exc
  File "C:\syed\Milestone_project\autohealai-weather\.venv\Lib\site-packages\starlette\_exception_handler.py", line 42, in wrapped_app
    await app(scope, receive, sender)
  File "C:\syed\Milestone_project\autohealai-weather\.venv\Lib\site-packages\fastapi\middleware\asyncexitstack.py", line 18, in __call__
    await self.app(scope, receive, send)
  File "C:\syed\Milestone_project\autohealai-weather\.venv\Lib\site-packages\starlette\routing.py", line 660, in __call__
    await self.middleware_stack(scope, receive, send)
  File "C:\syed\Milestone_project\autohealai-weather\.venv\Lib\site-packages\fastapi\routing.py", line 2531, in app
    await route.handle(scope, receive, send)
  File "C:\syed\Milestone_project\autohealai-weather\.venv\Lib\site-packages\fastapi\routing.py", line 1241, in handle
    await super().handle(scope, receive, send)
  File "C:\syed\Milestone_project\autohealai-weather\.venv\Lib\site-packages\starlette\routing.py", line 276, in handle
    await self.app(scope, receive, send)
  File "C:\syed\Milestone_project\autohealai-weather\.venv\Lib\site-packages\fastapi\routing.py", line 150, in app
    await wrap_app_handling_exceptions(app, request)(scope, receive, send)
  File "C:\syed\Milestone_project\autohealai-weather\.venv\Lib\site-packages\starlette\_exception_handler.py", line 53, in wrapped_app
    raise exc
  File "C:\syed\Milestone_project\autohealai-weather\.venv\Lib\site-packages\starlette\_exception_handler.py", line 42, in wrapped_app
    await app(scope, receive, sender)
  File "C:\syed\Milestone_project\autohealai-weather\.venv\Lib\site-packages\fastapi\routing.py", line 136, in app
    response = await f(request)
               ^^^^^^^^^^^^^^^^
  File "C:\syed\Milestone_project\autohealai-weather\.venv\Lib\site-packages\fastapi\routing.py", line 690, in app
    raw_response = await run_endpoint_function(
                   ^^^^^^^^^^^^^^^^^^^^^^^^^^^^
    ...<3 lines>...
    )
    ^
  File "C:\syed\Milestone_project\autohealai-weather\.venv\Lib\site-packages\fastapi\routing.py", line 346, in run_endpoint_function
    return await run_in_threadpool(dependant.call, **values)
           ^^^^^^^^^^^^^^^^^^^^^^^^^^^^^^^^^^^^^^^^^^^^^^^^^
  File "C:\syed\Milestone_project\autohealai-weather\.venv\Lib\site-packages\starlette\concurrency.py", line 34, in run_in_threadpool
    return await anyio.to_thread.run_sync(func)
           ^^^^^^^^^^^^^^^^^^^^^^^^^^^^^^^^^^^^
  File "C:\syed\Milestone_project\autohealai-weather\.venv\Lib\site-packages\anyio\to_thread.py", line 63, in run_sync
    return await get_async_backend().run_sync_in_worker_thread(
           ^^^^^^^^^^^^^^^^^^^^^^^^^^^^^^^^^^^^^^^^^^^^^^^^^^^^
        func, args, abandon_on_cancel=abandon_on_cancel, limiter=limiter
        ^^^^^^^^^^^^^^^^^^^^^^^^^^^^^^^^^^^^^^^^^^^^^^^^^^^^^^^^^^^^^^^^
    )
    ^
  File "C:\syed\Milestone_project\autohealai-weather\.venv\Lib\site-packages\anyio\_backends\_asyncio.py", line 2596, in run_sync_in_worker_thread
    return await future
           ^^^^^^^^^^^^
  File "C:\syed\Milestone_project\autohealai-weather\.venv\Lib\site-packages\anyio\_backends\_asyncio.py", line 1029, in run
    result = context.run(func, *args)
  File "C:\syed\Milestone_project\autohealai-weather\backend\app\main.py", line 52, in weather
    ticket = notification.run()
  File "C:\syed\Milestone_project\autohealai-weather\backend\agents\notification_agent.py", line 143, in run
    self.send_email(ticket)
    ~~~~~~~~~~~~~~~^^^^^^^^
  File "C:\syed\Milestone_project\autohealai-weather\backend\agents\notification_agent.py", line 108, in send_email
    server.login(sender, password)
    ~~~~~~~~~~~~^^^^^^^^^^^^^^^^^^
  File "C:\Users\Administrator\AppData\Roaming\uv\python\cpython-3.14-windows-x86_64-none\Lib\smtplib.py", line 762, in login
    raise last_exception
  File "C:\Users\Administrator\AppData\Roaming\uv\python\cpython-3.14-windows-x86_64-none\Lib\smtplib.py", line 751, in login
    (code, resp) = self.auth(
                   ~~~~~~~~~^
        authmethod, getattr(self, method_name),
        ^^^^^^^^^^^^^^^^^^^^^^^^^^^^^^^^^^^^^^^
        initial_response_ok=initial_response_ok)
        ^^^^^^^^^^^^^^^^^^^^^^^^^^^^^^^^^^^^^^^^
  File "C:\Users\Administrator\AppData\Roaming\uv\python\cpython-3.14-windows-x86_64-none\Lib\smtplib.py", line 669, in auth
    raise SMTPAuthenticationError(code, resp)
smtplib.SMTPAuthenticationError: (535, b'5.7.8 Username and Password not accepted. For more information, go to\n5.7.8  https://support.google.com/mail/?p=BadCredentials 5a478bee46e88-30ca5f14f8asm24604148eec.6 - gsmtp')
2026-06-29 08:51:28,050 | INFO | ======================================================================
2026-06-29 08:51:28,051 | INFO | Request ID  : 9504f138-9ba0-4c52-b762-0f38633b03fa
2026-06-29 08:51:28,052 | INFO | Method      : GET
2026-06-29 08:51:28,052 | INFO | URL         : /weather/Chennai
2026-06-29 08:51:28,052 | INFO | Client IP   : 127.0.0.1
2026-06-29 08:51:28,080 | INFO | Status Code : 200
2026-06-29 08:51:28,080 | INFO | Time Taken  : 0.0292 sec
2026-06-29 08:51:28,080 | INFO | ======================================================================
2026-06-29 08:51:41,021 | INFO | ======================================================================
2026-06-29 08:51:41,021 | INFO | Request ID  : 4f4e75d8-774c-4b84-ad29-689b8c283329
2026-06-29 08:51:41,022 | INFO | Method      : GET
2026-06-29 08:51:41,022 | INFO | URL         : /weather/Chennai
2026-06-29 08:51:41,022 | INFO | Client IP   : 127.0.0.1
2026-06-29 08:51:43,049 | INFO | Diagnosis saved.
2026-06-29 08:51:49,073 | ERROR | Unhandled Exception : 'NotificationAgent' object has no attribute 'run'
Traceback (most recent call last):
  File "C:\syed\Milestone_project\autohealai-weather\backend\middleware\app_middleware.py", line 48, in dispatch
    response = await call_next(request)
               ^^^^^^^^^^^^^^^^^^^^^^^^
  File "C:\syed\Milestone_project\autohealai-weather\.venv\Lib\site-packages\starlette\middleware\base.py", line 168, in call_next
    raise app_exc from app_exc.__cause__ or app_exc.__context__
  File "C:\syed\Milestone_project\autohealai-weather\.venv\Lib\site-packages\starlette\middleware\base.py", line 144, in coro
    await self.app(scope, receive_or_disconnect, send_no_error)
  File "C:\syed\Milestone_project\autohealai-weather\.venv\Lib\site-packages\starlette\middleware\exceptions.py", line 63, in __call__
    await wrap_app_handling_exceptions(self.app, conn)(scope, receive, send)
  File "C:\syed\Milestone_project\autohealai-weather\.venv\Lib\site-packages\starlette\_exception_handler.py", line 53, in wrapped_app
    raise exc
  File "C:\syed\Milestone_project\autohealai-weather\.venv\Lib\site-packages\starlette\_exception_handler.py", line 42, in wrapped_app
    await app(scope, receive, sender)
  File "C:\syed\Milestone_project\autohealai-weather\.venv\Lib\site-packages\fastapi\middleware\asyncexitstack.py", line 18, in __call__
    await self.app(scope, receive, send)
  File "C:\syed\Milestone_project\autohealai-weather\.venv\Lib\site-packages\starlette\routing.py", line 660, in __call__
    await self.middleware_stack(scope, receive, send)
  File "C:\syed\Milestone_project\autohealai-weather\.venv\Lib\site-packages\fastapi\routing.py", line 2531, in app
    await route.handle(scope, receive, send)
  File "C:\syed\Milestone_project\autohealai-weather\.venv\Lib\site-packages\fastapi\routing.py", line 1241, in handle
    await super().handle(scope, receive, send)
  File "C:\syed\Milestone_project\autohealai-weather\.venv\Lib\site-packages\starlette\routing.py", line 276, in handle
    await self.app(scope, receive, send)
  File "C:\syed\Milestone_project\autohealai-weather\.venv\Lib\site-packages\fastapi\routing.py", line 150, in app
    await wrap_app_handling_exceptions(app, request)(scope, receive, send)
  File "C:\syed\Milestone_project\autohealai-weather\.venv\Lib\site-packages\starlette\_exception_handler.py", line 53, in wrapped_app
    raise exc
  File "C:\syed\Milestone_project\autohealai-weather\.venv\Lib\site-packages\starlette\_exception_handler.py", line 42, in wrapped_app
    await app(scope, receive, sender)
  File "C:\syed\Milestone_project\autohealai-weather\.venv\Lib\site-packages\fastapi\routing.py", line 136, in app
    response = await f(request)
               ^^^^^^^^^^^^^^^^
  File "C:\syed\Milestone_project\autohealai-weather\.venv\Lib\site-packages\fastapi\routing.py", line 690, in app
    raw_response = await run_endpoint_function(
                   ^^^^^^^^^^^^^^^^^^^^^^^^^^^^
    ...<3 lines>...
    )
    ^
  File "C:\syed\Milestone_project\autohealai-weather\.venv\Lib\site-packages\fastapi\routing.py", line 346, in run_endpoint_function
    return await run_in_threadpool(dependant.call, **values)
           ^^^^^^^^^^^^^^^^^^^^^^^^^^^^^^^^^^^^^^^^^^^^^^^^^
  File "C:\syed\Milestone_project\autohealai-weather\.venv\Lib\site-packages\starlette\concurrency.py", line 34, in run_in_threadpool
    return await anyio.to_thread.run_sync(func)
           ^^^^^^^^^^^^^^^^^^^^^^^^^^^^^^^^^^^^
  File "C:\syed\Milestone_project\autohealai-weather\.venv\Lib\site-packages\anyio\to_thread.py", line 63, in run_sync
    return await get_async_backend().run_sync_in_worker_thread(
           ^^^^^^^^^^^^^^^^^^^^^^^^^^^^^^^^^^^^^^^^^^^^^^^^^^^^
        func, args, abandon_on_cancel=abandon_on_cancel, limiter=limiter
        ^^^^^^^^^^^^^^^^^^^^^^^^^^^^^^^^^^^^^^^^^^^^^^^^^^^^^^^^^^^^^^^^
    )
    ^
  File "C:\syed\Milestone_project\autohealai-weather\.venv\Lib\site-packages\anyio\_backends\_asyncio.py", line 2596, in run_sync_in_worker_thread
    return await future
           ^^^^^^^^^^^^
  File "C:\syed\Milestone_project\autohealai-weather\.venv\Lib\site-packages\anyio\_backends\_asyncio.py", line 1029, in run
    result = context.run(func, *args)
  File "C:\syed\Milestone_project\autohealai-weather\backend\app\main.py", line 52, in weather
    ticket = notification.run()
             ^^^^^^^^^^^^^^^^
AttributeError: 'NotificationAgent' object has no attribute 'run'
2026-06-29 08:54:56,191 | INFO | ======================================================================
2026-06-29 08:54:56,191 | INFO | Request ID  : db61cd97-391c-4541-a4a4-29b75519d692
2026-06-29 08:54:56,191 | INFO | Method      : GET
2026-06-29 08:54:56,191 | INFO | URL         : /weather/Chennai
2026-06-29 08:54:56,192 | INFO | Client IP   : 127.0.0.1
2026-06-29 08:54:59,009 | INFO | Diagnosis saved.
2026-06-29 08:55:05,646 | ERROR | Unhandled Exception : You can only send testing emails to your own email address (syedabjimiah555@gmail.com). To send emails to other recipients, please verify a domain at resend.com/domains, and change the `from` address to an email using this domain.
Traceback (most recent call last):
  File "C:\syed\Milestone_project\autohealai-weather\backend\middleware\app_middleware.py", line 48, in dispatch
    response = await call_next(request)
               ^^^^^^^^^^^^^^^^^^^^^^^^
  File "C:\syed\Milestone_project\autohealai-weather\.venv\Lib\site-packages\starlette\middleware\base.py", line 168, in call_next
    raise app_exc from app_exc.__cause__ or app_exc.__context__
  File "C:\syed\Milestone_project\autohealai-weather\.venv\Lib\site-packages\starlette\middleware\base.py", line 144, in coro
    await self.app(scope, receive_or_disconnect, send_no_error)
  File "C:\syed\Milestone_project\autohealai-weather\.venv\Lib\site-packages\starlette\middleware\exceptions.py", line 63, in __call__
    await wrap_app_handling_exceptions(self.app, conn)(scope, receive, send)
  File "C:\syed\Milestone_project\autohealai-weather\.venv\Lib\site-packages\starlette\_exception_handler.py", line 53, in wrapped_app
    raise exc
  File "C:\syed\Milestone_project\autohealai-weather\.venv\Lib\site-packages\starlette\_exception_handler.py", line 42, in wrapped_app
    await app(scope, receive, sender)
  File "C:\syed\Milestone_project\autohealai-weather\.venv\Lib\site-packages\fastapi\middleware\asyncexitstack.py", line 18, in __call__
    await self.app(scope, receive, send)
  File "C:\syed\Milestone_project\autohealai-weather\.venv\Lib\site-packages\starlette\routing.py", line 660, in __call__
    await self.middleware_stack(scope, receive, send)
  File "C:\syed\Milestone_project\autohealai-weather\.venv\Lib\site-packages\fastapi\routing.py", line 2531, in app
    await route.handle(scope, receive, send)
  File "C:\syed\Milestone_project\autohealai-weather\.venv\Lib\site-packages\fastapi\routing.py", line 1241, in handle
    await super().handle(scope, receive, send)
  File "C:\syed\Milestone_project\autohealai-weather\.venv\Lib\site-packages\starlette\routing.py", line 276, in handle
    await self.app(scope, receive, send)
  File "C:\syed\Milestone_project\autohealai-weather\.venv\Lib\site-packages\fastapi\routing.py", line 150, in app
    await wrap_app_handling_exceptions(app, request)(scope, receive, send)
  File "C:\syed\Milestone_project\autohealai-weather\.venv\Lib\site-packages\starlette\_exception_handler.py", line 53, in wrapped_app
    raise exc
  File "C:\syed\Milestone_project\autohealai-weather\.venv\Lib\site-packages\starlette\_exception_handler.py", line 42, in wrapped_app
    await app(scope, receive, sender)
  File "C:\syed\Milestone_project\autohealai-weather\.venv\Lib\site-packages\fastapi\routing.py", line 136, in app
    response = await f(request)
               ^^^^^^^^^^^^^^^^
  File "C:\syed\Milestone_project\autohealai-weather\.venv\Lib\site-packages\fastapi\routing.py", line 690, in app
    raw_response = await run_endpoint_function(
                   ^^^^^^^^^^^^^^^^^^^^^^^^^^^^
    ...<3 lines>...
    )
    ^
  File "C:\syed\Milestone_project\autohealai-weather\.venv\Lib\site-packages\fastapi\routing.py", line 346, in run_endpoint_function
    return await run_in_threadpool(dependant.call, **values)
           ^^^^^^^^^^^^^^^^^^^^^^^^^^^^^^^^^^^^^^^^^^^^^^^^^
  File "C:\syed\Milestone_project\autohealai-weather\.venv\Lib\site-packages\starlette\concurrency.py", line 34, in run_in_threadpool
    return await anyio.to_thread.run_sync(func)
           ^^^^^^^^^^^^^^^^^^^^^^^^^^^^^^^^^^^^
  File "C:\syed\Milestone_project\autohealai-weather\.venv\Lib\site-packages\anyio\to_thread.py", line 63, in run_sync
    return await get_async_backend().run_sync_in_worker_thread(
           ^^^^^^^^^^^^^^^^^^^^^^^^^^^^^^^^^^^^^^^^^^^^^^^^^^^^
        func, args, abandon_on_cancel=abandon_on_cancel, limiter=limiter
        ^^^^^^^^^^^^^^^^^^^^^^^^^^^^^^^^^^^^^^^^^^^^^^^^^^^^^^^^^^^^^^^^
    )
    ^
  File "C:\syed\Milestone_project\autohealai-weather\.venv\Lib\site-packages\anyio\_backends\_asyncio.py", line 2596, in run_sync_in_worker_thread
    return await future
           ^^^^^^^^^^^^
  File "C:\syed\Milestone_project\autohealai-weather\.venv\Lib\site-packages\anyio\_backends\_asyncio.py", line 1029, in run
    result = context.run(func, *args)
  File "C:\syed\Milestone_project\autohealai-weather\backend\app\main.py", line 52, in weather
    ticket = notification.run()
  File "C:\syed\Milestone_project\autohealai-weather\backend\agents\notification_agent.py", line 154, in run
    self.send_email(ticket)
    ~~~~~~~~~~~~~~~^^^^^^^^
  File "C:\syed\Milestone_project\autohealai-weather\backend\agents\notification_agent.py", line 69, in send_email
    resend.Emails.send({
    ~~~~~~~~~~~~~~~~~~^^
    
    
    ...<51 lines>...
    
    
    })
    ^^
  File "C:\syed\Milestone_project\autohealai-weather\.venv\Lib\site-packages\resend\emails\_emails.py", line 286, in send
    ).perform_with_content()
      ~~~~~~~~~~~~~~~~~~~~^^
  File "C:\syed\Milestone_project\autohealai-weather\.venv\Lib\site-packages\resend\request.py", line 53, in perform_with_content
    resp = self.perform()
  File "C:\syed\Milestone_project\autohealai-weather\.venv\Lib\site-packages\resend\request.py", line 41, in perform
    raise_for_code_and_type(
    ~~~~~~~~~~~~~~~~~~~~~~~^
        code=data.get("statusCode") or 500,
        ^^^^^^^^^^^^^^^^^^^^^^^^^^^^^^^^^^^
    ...<2 lines>...
        headers=self._response_headers,
        ^^^^^^^^^^^^^^^^^^^^^^^^^^^^^^^
    )
    ^
  File "C:\syed\Milestone_project\autohealai-weather\.venv\Lib\site-packages\resend\exceptions.py", line 270, in raise_for_code_and_type
    raise ResendError(
    ...<5 lines>...
    )
resend.exceptions.ResendError: You can only send testing emails to your own email address (syedabjimiah555@gmail.com). To send emails to other recipients, please verify a domain at resend.com/domains, and change the `from` address to an email using this domain.
2026-06-29 08:56:25,663 | INFO | ======================================================================
2026-06-29 08:56:25,663 | INFO | Request ID  : 3d5a84fa-602c-43a5-932a-f11a1bb40d06
2026-06-29 08:56:25,664 | INFO | Method      : GET
2026-06-29 08:56:25,664 | INFO | URL         : /weather/Chennai
2026-06-29 08:56:25,664 | INFO | Client IP   : 127.0.0.1
2026-06-29 08:56:27,134 | INFO | Diagnosis saved.
2026-06-29 08:56:33,584 | INFO | Status Code : 200
2026-06-29 08:56:33,584 | INFO | Time Taken  : 7.9214 sec
2026-06-29 08:56:33,585 | INFO | ======================================================================
2026-06-29 10:01:45,450 | INFO | ======================================================================
2026-06-29 10:01:45,451 | INFO | Request ID  : de48d92b-c200-4e10-9af5-daf2fd209ae6
2026-06-29 10:01:45,451 | INFO | Method      : GET
2026-06-29 10:01:45,451 | INFO | URL         : /weather/Chennai
2026-06-29 10:01:45,451 | INFO | Client IP   : 127.0.0.1
2026-06-29 10:01:45,465 | INFO | Status Code : 200
2026-06-29 10:01:45,465 | INFO | Time Taken  : 0.0143 sec
2026-06-29 10:01:45,465 | INFO | ======================================================================
2026-06-29 10:01:58,646 | INFO | ======================================================================
2026-06-29 10:01:58,646 | INFO | Request ID  : 684b2771-99a5-4787-adee-71a5a8c230cf
2026-06-29 10:01:58,647 | INFO | Method      : GET
2026-06-29 10:01:58,647 | INFO | URL         : /weather/Chennai
2026-06-29 10:01:58,647 | INFO | Client IP   : 127.0.0.1
2026-06-29 10:02:00,582 | INFO | Diagnosis saved.
2026-06-29 10:02:00,603 | ERROR | Unhandled Exception : name 'VerificationAgent' is not defined
Traceback (most recent call last):
  File "C:\syed\Milestone_project\autohealai-weather\backend\middleware\app_middleware.py", line 48, in dispatch
    response = await call_next(request)
               ^^^^^^^^^^^^^^^^^^^^^^^^
  File "C:\syed\Milestone_project\autohealai-weather\.venv\Lib\site-packages\starlette\middleware\base.py", line 168, in call_next
    raise app_exc from app_exc.__cause__ or app_exc.__context__
  File "C:\syed\Milestone_project\autohealai-weather\.venv\Lib\site-packages\starlette\middleware\base.py", line 144, in coro
    await self.app(scope, receive_or_disconnect, send_no_error)
  File "C:\syed\Milestone_project\autohealai-weather\.venv\Lib\site-packages\starlette\middleware\exceptions.py", line 63, in __call__
    await wrap_app_handling_exceptions(self.app, conn)(scope, receive, send)
  File "C:\syed\Milestone_project\autohealai-weather\.venv\Lib\site-packages\starlette\_exception_handler.py", line 53, in wrapped_app
    raise exc
  File "C:\syed\Milestone_project\autohealai-weather\.venv\Lib\site-packages\starlette\_exception_handler.py", line 42, in wrapped_app
    await app(scope, receive, sender)
  File "C:\syed\Milestone_project\autohealai-weather\.venv\Lib\site-packages\fastapi\middleware\asyncexitstack.py", line 18, in __call__
    await self.app(scope, receive, send)
  File "C:\syed\Milestone_project\autohealai-weather\.venv\Lib\site-packages\starlette\routing.py", line 660, in __call__
    await self.middleware_stack(scope, receive, send)
  File "C:\syed\Milestone_project\autohealai-weather\.venv\Lib\site-packages\fastapi\routing.py", line 2531, in app
    await route.handle(scope, receive, send)
  File "C:\syed\Milestone_project\autohealai-weather\.venv\Lib\site-packages\fastapi\routing.py", line 1241, in handle
    await super().handle(scope, receive, send)
  File "C:\syed\Milestone_project\autohealai-weather\.venv\Lib\site-packages\starlette\routing.py", line 276, in handle
    await self.app(scope, receive, send)
  File "C:\syed\Milestone_project\autohealai-weather\.venv\Lib\site-packages\fastapi\routing.py", line 150, in app
    await wrap_app_handling_exceptions(app, request)(scope, receive, send)
  File "C:\syed\Milestone_project\autohealai-weather\.venv\Lib\site-packages\starlette\_exception_handler.py", line 53, in wrapped_app
    raise exc
  File "C:\syed\Milestone_project\autohealai-weather\.venv\Lib\site-packages\starlette\_exception_handler.py", line 42, in wrapped_app
    await app(scope, receive, sender)
  File "C:\syed\Milestone_project\autohealai-weather\.venv\Lib\site-packages\fastapi\routing.py", line 136, in app
    response = await f(request)
               ^^^^^^^^^^^^^^^^
  File "C:\syed\Milestone_project\autohealai-weather\.venv\Lib\site-packages\fastapi\routing.py", line 690, in app
    raw_response = await run_endpoint_function(
                   ^^^^^^^^^^^^^^^^^^^^^^^^^^^^
    ...<3 lines>...
    )
    ^
  File "C:\syed\Milestone_project\autohealai-weather\.venv\Lib\site-packages\fastapi\routing.py", line 346, in run_endpoint_function
    return await run_in_threadpool(dependant.call, **values)
           ^^^^^^^^^^^^^^^^^^^^^^^^^^^^^^^^^^^^^^^^^^^^^^^^^
  File "C:\syed\Milestone_project\autohealai-weather\.venv\Lib\site-packages\starlette\concurrency.py", line 34, in run_in_threadpool
    return await anyio.to_thread.run_sync(func)
           ^^^^^^^^^^^^^^^^^^^^^^^^^^^^^^^^^^^^
  File "C:\syed\Milestone_project\autohealai-weather\.venv\Lib\site-packages\anyio\to_thread.py", line 63, in run_sync
    return await get_async_backend().run_sync_in_worker_thread(
           ^^^^^^^^^^^^^^^^^^^^^^^^^^^^^^^^^^^^^^^^^^^^^^^^^^^^
        func, args, abandon_on_cancel=abandon_on_cancel, limiter=limiter
        ^^^^^^^^^^^^^^^^^^^^^^^^^^^^^^^^^^^^^^^^^^^^^^^^^^^^^^^^^^^^^^^^
    )
    ^
  File "C:\syed\Milestone_project\autohealai-weather\.venv\Lib\site-packages\anyio\_backends\_asyncio.py", line 2596, in run_sync_in_worker_thread
    return await future
           ^^^^^^^^^^^^
  File "C:\syed\Milestone_project\autohealai-weather\.venv\Lib\site-packages\anyio\_backends\_asyncio.py", line 1029, in run
    result = context.run(func, *args)
  File "C:\syed\Milestone_project\autohealai-weather\backend\app\main.py", line 56, in weather
    verification_agent = VerificationAgent()
                         ^^^^^^^^^^^^^^^^^
NameError: name 'VerificationAgent' is not defined. Did you mean: 'NotificationAgent'?
2026-06-29 10:07:14,161 | INFO | ======================================================================
2026-06-29 10:07:14,162 | INFO | Request ID  : 0db4cb4b-66f1-4128-bb1b-be79d7d05fc9
2026-06-29 10:07:14,162 | INFO | Method      : GET
2026-06-29 10:07:14,162 | INFO | URL         : /weather/Chennai
2026-06-29 10:07:14,162 | INFO | Client IP   : 127.0.0.1
2026-06-29 10:07:15,612 | INFO | Diagnosis saved.
2026-06-29 10:07:15,644 | INFO | Status Code : 200
2026-06-29 10:07:15,644 | INFO | Time Taken  : 1.4826 sec
2026-06-29 10:07:15,644 | INFO | ======================================================================
2026-06-29 10:07:38,676 | INFO | ======================================================================
2026-06-29 10:07:38,676 | INFO | Request ID  : 3d2e952d-0e54-4117-b385-ecaa8ef570ff
2026-06-29 10:07:38,676 | INFO | Method      : GET
2026-06-29 10:07:38,676 | INFO | URL         : /weather/Chennai
2026-06-29 10:07:38,676 | INFO | Client IP   : 127.0.0.1
2026-06-29 10:07:40,235 | INFO | Diagnosis saved.
2026-06-29 10:07:47,051 | INFO | Status Code : 200
2026-06-29 10:07:47,051 | INFO | Time Taken  : 8.3750 sec
2026-06-29 10:07:47,051 | INFO | ======================================================================
2026-06-29 10:10:03,727 | INFO | ======================================================================
2026-06-29 10:10:03,728 | INFO | Request ID  : 3664934e-15e9-4239-81c1-e4a6a69ae0b4
2026-06-29 10:10:03,728 | INFO | Method      : GET
2026-06-29 10:10:03,728 | INFO | URL         : /weather/Chennai
2026-06-29 10:10:03,728 | INFO | Client IP   : 127.0.0.1
2026-06-29 10:10:10,169 | INFO | Diagnosis saved.
2026-06-29 10:10:10,203 | INFO | Status Code : 200
2026-06-29 10:10:10,204 | INFO | Time Taken  : 6.4760 sec
2026-06-29 10:10:10,204 | INFO | ======================================================================
2026-06-29 10:21:58,770 | INFO | ======================================================================
2026-06-29 10:21:58,770 | INFO | Request ID  : 19734895-7c25-4b70-9a46-1c5523b26a3e
2026-06-29 10:21:58,771 | INFO | Method      : GET
2026-06-29 10:21:58,771 | INFO | URL         : /weather/Chennai
2026-06-29 10:21:58,771 | INFO | Client IP   : 127.0.0.1
2026-06-29 10:22:00,224 | INFO | Diagnosis saved.
2026-06-29 10:22:00,259 | INFO | Status Code : 200
2026-06-29 10:22:00,259 | INFO | Time Taken  : 1.4887 sec
2026-06-29 10:22:00,260 | INFO | ======================================================================
2026-06-29 10:22:15,198 | INFO | ======================================================================
2026-06-29 10:22:15,198 | INFO | Request ID  : e64a0666-bbda-4547-9ecb-79423e32fa97
2026-06-29 10:22:15,198 | INFO | Method      : GET
2026-06-29 10:22:15,199 | INFO | URL         : /weather/Chennai
2026-06-29 10:22:15,199 | INFO | Client IP   : 127.0.0.1
2026-06-29 10:22:15,202 | INFO | Status Code : 200
2026-06-29 10:22:15,202 | INFO | Time Taken  : 0.0039 sec
2026-06-29 10:22:15,203 | INFO | ======================================================================
2026-06-29 10:22:36,660 | INFO | ======================================================================
2026-06-29 10:22:36,660 | INFO | Request ID  : 3c065b39-1b6b-4bb3-b9b9-a380b283c507
2026-06-29 10:22:36,660 | INFO | Method      : GET
2026-06-29 10:22:36,660 | INFO | URL         : /weather/Chennai
2026-06-29 10:22:36,660 | INFO | Client IP   : 127.0.0.1
2026-06-29 10:22:38,146 | INFO | Diagnosis saved.
2026-06-29 10:22:38,173 | INFO | Status Code : 200
2026-06-29 10:22:38,173 | INFO | Time Taken  : 1.5128 sec
2026-06-29 10:22:38,173 | INFO | ======================================================================
2026-06-29 11:17:36,740 | INFO | ======================================================================
2026-06-29 11:17:36,740 | INFO | Request ID  : ab99f4ec-3367-4afc-87ea-dabb22410749
2026-06-29 11:17:36,741 | INFO | Method      : GET
2026-06-29 11:17:36,741 | INFO | URL         : /weather/Chennai
2026-06-29 11:17:36,741 | INFO | Client IP   : 127.0.0.1
2026-06-29 11:17:36,748 | INFO | Status Code : 200
2026-06-29 11:17:36,748 | INFO | Time Taken  : 0.0076 sec
2026-06-29 11:17:36,748 | INFO | ======================================================================
2026-06-29 11:37:41,578 | INFO | ======================================================================
2026-06-29 11:37:41,578 | INFO | Request ID  : 31245a00-4d27-4503-84a5-cb15058cc755
2026-06-29 11:37:41,579 | INFO | Method      : GET
2026-06-29 11:37:41,579 | INFO | URL         : /weather/Chennai
2026-06-29 11:37:41,579 | INFO | Client IP   : 127.0.0.1
2026-06-29 11:37:41,590 | INFO | Status Code : 200
2026-06-29 11:37:41,590 | INFO | Time Taken  : 0.0114 sec
2026-06-29 11:37:41,590 | INFO | ======================================================================
2026-06-29 11:37:51,896 | INFO | ======================================================================
2026-06-29 11:37:51,896 | INFO | Request ID  : ccf767ab-8074-41c8-a19c-ef16d002c292
2026-06-29 11:37:51,896 | INFO | Method      : GET
2026-06-29 11:37:51,897 | INFO | URL         : /weather/Chennai
2026-06-29 11:37:51,897 | INFO | Client IP   : 127.0.0.1
2026-06-29 11:37:58,475 | INFO | Diagnosis saved.
2026-06-29 11:37:58,506 | INFO | Status Code : 200
2026-06-29 11:37:58,506 | INFO | Time Taken  : 6.6097 sec
2026-06-29 11:37:58,506 | INFO | ======================================================================
2026-06-29 11:55:44,863 | INFO | ======================================================================
2026-06-29 11:55:44,864 | INFO | Request ID  : ede90fea-d2ce-4984-b067-e124b591aedb
2026-06-29 11:55:44,864 | INFO | Method      : GET
2026-06-29 11:55:44,864 | INFO | URL         : /weather/Chennai
2026-06-29 11:55:44,864 | INFO | Client IP   : 127.0.0.1
2026-06-29 11:55:44,889 | ERROR | Unhandled Exception : 'incident'
Traceback (most recent call last):
  File "C:\syed\Milestone_project\autohealai-weather\backend\middleware\app_middleware.py", line 48, in dispatch
    response = await call_next(request)
               ^^^^^^^^^^^^^^^^^^^^^^^^
  File "C:\syed\Milestone_project\autohealai-weather\.venv\Lib\site-packages\starlette\middleware\base.py", line 168, in call_next
    raise app_exc from app_exc.__cause__ or app_exc.__context__
  File "C:\syed\Milestone_project\autohealai-weather\.venv\Lib\site-packages\starlette\middleware\base.py", line 144, in coro
    await self.app(scope, receive_or_disconnect, send_no_error)
  File "C:\syed\Milestone_project\autohealai-weather\.venv\Lib\site-packages\starlette\middleware\exceptions.py", line 63, in __call__
    await wrap_app_handling_exceptions(self.app, conn)(scope, receive, send)
  File "C:\syed\Milestone_project\autohealai-weather\.venv\Lib\site-packages\starlette\_exception_handler.py", line 53, in wrapped_app
    raise exc
  File "C:\syed\Milestone_project\autohealai-weather\.venv\Lib\site-packages\starlette\_exception_handler.py", line 42, in wrapped_app
    await app(scope, receive, sender)
  File "C:\syed\Milestone_project\autohealai-weather\.venv\Lib\site-packages\fastapi\middleware\asyncexitstack.py", line 18, in __call__
    await self.app(scope, receive, send)
  File "C:\syed\Milestone_project\autohealai-weather\.venv\Lib\site-packages\starlette\routing.py", line 660, in __call__
    await self.middleware_stack(scope, receive, send)
  File "C:\syed\Milestone_project\autohealai-weather\.venv\Lib\site-packages\fastapi\routing.py", line 2531, in app
    await route.handle(scope, receive, send)
  File "C:\syed\Milestone_project\autohealai-weather\.venv\Lib\site-packages\fastapi\routing.py", line 1241, in handle
    await super().handle(scope, receive, send)
  File "C:\syed\Milestone_project\autohealai-weather\.venv\Lib\site-packages\starlette\routing.py", line 276, in handle
    await self.app(scope, receive, send)
  File "C:\syed\Milestone_project\autohealai-weather\.venv\Lib\site-packages\fastapi\routing.py", line 150, in app
    await wrap_app_handling_exceptions(app, request)(scope, receive, send)
  File "C:\syed\Milestone_project\autohealai-weather\.venv\Lib\site-packages\starlette\_exception_handler.py", line 53, in wrapped_app
    raise exc
  File "C:\syed\Milestone_project\autohealai-weather\.venv\Lib\site-packages\starlette\_exception_handler.py", line 42, in wrapped_app
    await app(scope, receive, sender)
  File "C:\syed\Milestone_project\autohealai-weather\.venv\Lib\site-packages\fastapi\routing.py", line 136, in app
    response = await f(request)
               ^^^^^^^^^^^^^^^^
  File "C:\syed\Milestone_project\autohealai-weather\.venv\Lib\site-packages\fastapi\routing.py", line 690, in app
    raw_response = await run_endpoint_function(
                   ^^^^^^^^^^^^^^^^^^^^^^^^^^^^
    ...<3 lines>...
    )
    ^
  File "C:\syed\Milestone_project\autohealai-weather\.venv\Lib\site-packages\fastapi\routing.py", line 346, in run_endpoint_function
    return await run_in_threadpool(dependant.call, **values)
           ^^^^^^^^^^^^^^^^^^^^^^^^^^^^^^^^^^^^^^^^^^^^^^^^^
  File "C:\syed\Milestone_project\autohealai-weather\.venv\Lib\site-packages\starlette\concurrency.py", line 34, in run_in_threadpool
    return await anyio.to_thread.run_sync(func)
           ^^^^^^^^^^^^^^^^^^^^^^^^^^^^^^^^^^^^
  File "C:\syed\Milestone_project\autohealai-weather\.venv\Lib\site-packages\anyio\to_thread.py", line 63, in run_sync
    return await get_async_backend().run_sync_in_worker_thread(
           ^^^^^^^^^^^^^^^^^^^^^^^^^^^^^^^^^^^^^^^^^^^^^^^^^^^^
        func, args, abandon_on_cancel=abandon_on_cancel, limiter=limiter
        ^^^^^^^^^^^^^^^^^^^^^^^^^^^^^^^^^^^^^^^^^^^^^^^^^^^^^^^^^^^^^^^^
    )
    ^
  File "C:\syed\Milestone_project\autohealai-weather\.venv\Lib\site-packages\anyio\_backends\_asyncio.py", line 2596, in run_sync_in_worker_thread
    return await future
           ^^^^^^^^^^^^
  File "C:\syed\Milestone_project\autohealai-weather\.venv\Lib\site-packages\anyio\_backends\_asyncio.py", line 1029, in run
    result = context.run(func, *args)
  File "C:\syed\Milestone_project\autohealai-weather\backend\app\main.py", line 164, in weather
    incident = workflow["incident"]
               ~~~~~~~~^^^^^^^^^^^^
KeyError: 'incident'
2026-06-29 11:59:03,548 | INFO | ======================================================================
2026-06-29 11:59:03,548 | INFO | Request ID  : 31646c3b-5736-47b4-8fa7-6428e2c9e6f7
2026-06-29 11:59:03,549 | INFO | Method      : GET
2026-06-29 11:59:03,549 | INFO | URL         : /weather/Chennai
2026-06-29 11:59:03,549 | INFO | Client IP   : 127.0.0.1
2026-06-29 11:59:03,565 | INFO | Status Code : 200
2026-06-29 11:59:03,566 | INFO | Time Taken  : 0.0171 sec
2026-06-29 11:59:03,566 | INFO | ======================================================================
2026-06-29 12:00:00,551 | INFO | ======================================================================
2026-06-29 12:00:00,552 | INFO | Request ID  : 5cd12334-2209-4e8b-9b61-609f92bf8bc9
2026-06-29 12:00:00,552 | INFO | Method      : GET
2026-06-29 12:00:00,552 | INFO | URL         : /weather/Chennai
2026-06-29 12:00:00,553 | INFO | Client IP   : 127.0.0.1
2026-06-29 12:00:07,029 | INFO | Diagnosis saved.
2026-06-29 12:00:07,064 | INFO | Status Code : 200
2026-06-29 12:00:07,064 | INFO | Time Taken  : 6.5126 sec
2026-06-29 12:00:07,064 | INFO | ======================================================================
2026-06-29 16:00:36,765 | INFO | ======================================================================
2026-06-29 16:00:36,766 | INFO | Request ID  : 991f8361-3f43-407f-9408-c79cdbc8e056
2026-06-29 16:00:36,766 | INFO | Method      : GET
2026-06-29 16:00:36,767 | INFO | URL         : /weather/Chennai
2026-06-29 16:00:36,767 | INFO | Client IP   : 127.0.0.1
2026-06-29 16:00:36,969 | INFO | Status Code : 200
2026-06-29 16:00:36,969 | INFO | Time Taken  : 0.2041 sec
2026-06-29 16:00:36,969 | INFO | ======================================================================
2026-06-29 17:10:11,929 | INFO | ======================================================================
2026-06-29 17:10:11,929 | INFO | Request ID  : 3b5ec2b0-3f0d-4484-9987-4bb356045061
2026-06-29 17:10:11,929 | INFO | Method      : GET
2026-06-29 17:10:11,930 | INFO | URL         : /weather/bangalore
2026-06-29 17:10:11,930 | INFO | Client IP   : 127.0.0.1
2026-06-29 17:10:12,073 | INFO | Status Code : 200
2026-06-29 17:10:12,073 | INFO | Time Taken  : 0.1438 sec
2026-06-29 17:10:12,073 | INFO | ======================================================================
2026-06-29 17:11:24,389 | INFO | ======================================================================
2026-06-29 17:11:24,389 | INFO | Request ID  : fa2c279d-f7c9-451b-a2e1-19127ea436cc
2026-06-29 17:11:24,389 | INFO | Method      : GET
2026-06-29 17:11:24,389 | INFO | URL         : /weather/bangalore
2026-06-29 17:11:24,389 | INFO | Client IP   : 127.0.0.1
2026-06-29 17:11:25,632 | INFO | Diagnosis saved.
2026-06-29 17:11:25,678 | INFO | Status Code : 200
2026-06-29 17:11:25,678 | INFO | Time Taken  : 1.2896 sec
2026-06-29 17:11:25,678 | INFO | ======================================================================
2026-06-29 17:12:30,620 | INFO | ======================================================================
2026-06-29 17:12:30,621 | INFO | Request ID  : dde3e76d-14f2-44b9-82c0-786ec60e5ff1
2026-06-29 17:12:30,621 | INFO | Method      : GET
2026-06-29 17:12:30,621 | INFO | URL         : /weather/bangalore
2026-06-29 17:12:30,621 | INFO | Client IP   : 127.0.0.1
2026-06-29 17:12:32,003 | INFO | Diagnosis saved.
2026-06-29 17:12:39,329 | INFO | Status Code : 200
2026-06-29 17:12:39,329 | INFO | Time Taken  : 8.7089 sec
2026-06-29 17:12:39,329 | INFO | ======================================================================
