{"status": "FAILED", "city": "Chennai", "action": "ESCALATE", "retry_attempt": 2, "message": "Retry failed. Escalate incident."}
{"status": "SUCCESS", "city": "Chennai", "action": "AUTO_HEALED", "retry_attempt": 1, "message": "Weather API recovered successfully."}
{"status": "SUCCESS", "city": "Chennai", "action": "AUTO_HEALED", "retry_attempt": 1, "message": "Weather API recovered successfully."}
{"status": "FAILED", "city": "Chennai", "action": "ESCALATE", "retry_attempt": 2, "message": "Retry failed. Escalate incident.", "response": {"status": "FAILED", "message": "503 Service Unavailable"}}
{"status": "SUCCESS", "city": "Chennai", "action": "AUTO_HEALED", "retry_attempt": 1, "message": "Weather API recovered successfully.", "weather": {"status": "SUCCESS", "city": "Chennai", "temperature": "33\u00b0C", "condition": "Sunny", "humidity": "72%"}}
{"status": "SUCCESS", "city": "Chennai", "action": "AUTO_HEALED", "retry_attempt": 1, "message": "Weather API recovered successfully.", "weather": {"status": "SUCCESS", "city": "Chennai", "temperature": "33\u00b0C", "condition": "Sunny", "humidity": "72%"}}
{"status": "FAILED", "city": "Chennai", "action": "ESCALATE", "retry_attempt": 2, "message": "Retry failed. Escalate incident.", "response": {"status": "FAILED", "message": "503 Service Unavailable"}}
{"status": "FAILED", "city": "Chennai", "action": "ESCALATE", "retry_attempt": 2, "message": "Retry failed. Escalate incident.", "response": {"status": "FAILED", "message": "503 Service Unavailable"}}
{"status": "FAILED", "city": "Chennai", "action": "ESCALATE", "retry_attempt": 2, "message": "Retry failed. Escalate incident.", "response": {"status": "FAILED", "message": "503 Service Unavailable"}}
{"status": "FAILED", "city": "Chennai", "action": "ESCALATE", "retry_attempt": 2, "message": "Retry failed. Escalate incident.", "response": {"status": "FAILED", "message": "503 Service Unavailable"}}
{"status": "SUCCESS", "city": "Chennai", "action": "AUTO_HEALED", "retry_attempt": 1, "message": "Weather API recovered successfully.", "weather": {"status": "SUCCESS", "city": "Chennai", "temperature": "33\u00b0C", "condition": "Sunny", "humidity": "72%"}}
{"status": "SUCCESS", "city": "Chennai", "action": "AUTO_HEALED", "retry_attempt": 1, "message": "Weather API recovered successfully.", "weather": {"status": "SUCCESS", "city": "Chennai", "temperature": "33\u00b0C", "condition": "Sunny", "humidity": "72%"}}
{"status": "FAILED", "city": "Chennai", "action": "ESCALATE", "retry_attempt": 2, "message": "Retry failed. Escalate incident.", "response": {"status": "FAILED", "message": "503 Service Unavailable"}}
{"status": "SUCCESS", "city": "Chennai", "action": "AUTO_HEALED", "retry_attempt": 1, "message": "Weather API recovered successfully.", "weather": {"status": "SUCCESS", "city": "Chennai", "temperature": "33\u00b0C", "condition": "Sunny", "humidity": "72%"}}
{"status": "SUCCESS", "city": "Chennai", "action": "AUTO_HEALED", "retry_attempt": 1, "message": "Weather API recovered successfully.", "weather": {"status": "SUCCESS", "city": "Chennai", "temperature": "33\u00b0C", "condition": "Sunny", "humidity": "72%"}}
{"status": "SUCCESS", "city": "Chennai", "action": "AUTO_HEALED", "retry_attempt": 1, "message": "Weather API recovered successfully.", "weather": {"status": "SUCCESS", "city": "Chennai", "temperature": "33\u00b0C", "condition": "Sunny", "humidity": "72%"}}
{"status": "SUCCESS", "city": "Chennai", "action": "AUTO_HEALED", "retry_attempt": 1, "message": "Weather API recovered successfully.", "weather": {"status": "SUCCESS", "city": "Chennai", "temperature": "33\u00b0C", "condition": "Sunny", "humidity": "72%"}}
{"status": "SUCCESS", "city": "Chennai", "action": "AUTO_HEALED", "retry_attempt": 1, "message": "Weather API recovered successfully.", "weather": {"status": "SUCCESS", "city": "Chennai", "temperature": "33\u00b0C", "condition": "Sunny", "humidity": "72%"}}
{"status": "SUCCESS", "city": "Bangalore", "action": "AUTO_HEALED", "retry_attempt": 1, "message": "Weather API recovered successfully.", "weather": {"status": "SUCCESS", "city": "Bangalore", "temperature": "28\u00b0C", "condition": "Cloudy", "humidity": "65%"}}
{"status": "FAILED", "city": "Bangalore", "action": "ESCALATE", "retry_attempt": 2, "message": "Retry failed. Escalate incident.", "response": {"status": "FAILED", "message": "503 Service Unavailable"}}
