{"timestamp": "2026-06-28 21:04:16", "city": "Chennai", "status": "FAILED", "failure_mode": "API_DOWN", "severity": "HIGH", "message": "503 Service Unavailable"}
{"timestamp": "2026-06-28 21:12:20", "city": "Chennai", "status": "SUCCESS", "failure_mode": "SUCCESS", "severity": "INFO", "message": "Weather API is healthy."}
{"timestamp": "2026-06-28 21:12:30", "city": "Chennai", "status": "FAILED", "failure_mode": "API_DOWN", "severity": "HIGH", "message": "503 Service Unavailable"}
{"timestamp": "2026-06-28 21:12:49", "city": "Chennai", "status": "FAILED", "failure_mode": "TIMEOUT", "severity": "HIGH", "message": "Timeout Error"}
{"timestamp": "2026-06-28 21:22:17", "city": "Chennai", "status": "FAILED", "failure_mode": "TIMEOUT", "severity": "HIGH", "message": "Timeout Error"}
{"timestamp": "2026-06-28 21:32:27", "city": "Chennai", "status": "SUCCESS", "failure_mode": "SUCCESS", "severity": "INFO", "message": "Weather API is healthy."}
{"timestamp": "2026-06-28 21:32:39", "city": "Chennai", "status": "FAILED", "failure_mode": "API_DOWN", "severity": "HIGH", "message": "503 Service Unavailable"}
{"timestamp": "2026-06-28 21:33:06", "city": "Chennai", "status": "FAILED", "failure_mode": "TIMEOUT", "severity": "HIGH", "message": "Timeout Error"}
{"timestamp": "2026-06-28 21:33:35", "city": "Mumbai", "status": "SUCCESS", "failure_mode": "SUCCESS", "severity": "INFO", "message": "Weather API is healthy."}
{"timestamp": "2026-06-28 21:43:20", "city": "Chennai", "status": "SUCCESS", "failure_mode": "SUCCESS", "severity": "INFO", "message": "Weather API is healthy."}
{"timestamp": "2026-06-28 21:48:40", "city": "Chennai", "status": "FAILED", "failure_mode": "TIMEOUT", "severity": "HIGH", "message": "Timeout Error"}
{"timestamp": "2026-06-28 22:06:52", "city": "Chennai", "status": "FAILED", "failure_mode": "API_DOWN", "severity": "HIGH", "message": "503 Service Unavailable"}
{"timestamp": "2026-06-29 08:51:28", "city": "Chennai", "status": "SUCCESS", "failure_mode": "SUCCESS", "severity": "INFO", "message": "Weather API is healthy."}
{"timestamp": "2026-06-29 08:51:41", "city": "Chennai", "status": "FAILED", "failure_mode": "API_DOWN", "severity": "HIGH", "message": "503 Service Unavailable"}
{"timestamp": "2026-06-29 08:54:56", "city": "Chennai", "status": "FAILED", "failure_mode": "API_DOWN", "severity": "HIGH", "message": "503 Service Unavailable"}
{"timestamp": "2026-06-29 08:56:25", "city": "Chennai", "status": "FAILED", "failure_mode": "API_DOWN", "severity": "HIGH", "message": "503 Service Unavailable"}
{"timestamp": "2026-06-29 10:01:45", "city": "Chennai", "status": "SUCCESS", "failure_mode": "SUCCESS", "severity": "INFO", "message": "Weather API is healthy."}
{"timestamp": "2026-06-29 10:01:58", "city": "Chennai", "status": "FAILED", "failure_mode": "TIMEOUT", "severity": "HIGH", "message": "Timeout Error"}
{"timestamp": "2026-06-29 10:07:14", "city": "Chennai", "status": "FAILED", "failure_mode": "TIMEOUT", "severity": "HIGH", "message": "Timeout Error"}
{"timestamp": "2026-06-29 10:07:38", "city": "Chennai", "status": "FAILED", "failure_mode": "API_DOWN", "severity": "HIGH", "message": "503 Service Unavailable"}
{"timestamp": "2026-06-29 10:10:08", "city": "Chennai", "status": "FAILED", "failure_mode": "SLOW_RESPONSE", "severity": "HIGH", "message": "Slow Response"}
{"timestamp": "2026-06-29 10:21:58", "city": "Chennai", "status": "FAILED", "failure_mode": "TIMEOUT", "severity": "HIGH", "message": "Timeout Error"}
{"timestamp": "2026-06-29 10:22:15", "city": "Chennai", "status": "SUCCESS", "failure_mode": "SUCCESS", "severity": "INFO", "message": "Weather API is healthy."}
{"timestamp": "2026-06-29 10:22:36", "city": "Chennai", "status": "FAILED", "failure_mode": "TIMEOUT", "severity": "HIGH", "message": "Timeout Error"}
{"timestamp": "2026-06-29 11:17:36", "city": "Chennai", "status": "SUCCESS", "failure_mode": "SUCCESS", "severity": "INFO", "message": "Weather API is healthy."}
{"timestamp": "2026-06-29 11:37:41", "city": "Chennai", "status": "SUCCESS", "failure_mode": "SUCCESS", "severity": "INFO", "message": "Weather API is healthy."}
{"timestamp": "2026-06-29 11:37:56", "city": "Chennai", "status": "FAILED", "failure_mode": "SLOW_RESPONSE", "severity": "HIGH", "message": "Slow Response"}
{"timestamp": "2026-06-29 11:55:44", "city": "Chennai", "status": "SUCCESS", "failure_mode": "SUCCESS", "severity": "INFO", "message": "Weather API is healthy."}
{"timestamp": "2026-06-29 11:59:03", "city": "Chennai", "status": "SUCCESS", "failure_mode": "SUCCESS", "severity": "INFO", "message": "Weather API is healthy."}
{"timestamp": "2026-06-29 12:00:05", "city": "Chennai", "status": "FAILED", "failure_mode": "SLOW_RESPONSE", "severity": "HIGH", "message": "Slow Response"}
{"timestamp": "2026-06-29 16:00:36", "city": "Chennai", "status": "SUCCESS", "failure_mode": "SUCCESS", "severity": "INFO", "message": "Weather API is healthy."}
{"timestamp": "2026-06-29 17:10:12", "city": "Bangalore", "status": "SUCCESS", "failure_mode": "SUCCESS", "severity": "INFO", "message": "Weather API is healthy."}
{"timestamp": "2026-06-29 17:11:24", "city": "Bangalore", "status": "FAILED", "failure_mode": "TIMEOUT", "severity": "HIGH", "message": "Timeout Error"}
{"timestamp": "2026-06-29 17:12:30", "city": "Bangalore", "status": "FAILED", "failure_mode": "API_DOWN", "severity": "HIGH", "message": "503 Service Unavailable"}
